Archive member included to satisfy reference by file (symbol)

C:/ST/STM32CubeIDE_1.17.0/STM32CubeIDE/plugins/com.st.stm32cube.ide.mcu.externaltools.gnu-tools-for-stm32.12.3.rel1.win32_1.1.0.202410251130/tools/bin/../lib/gcc/arm-none-eabi/12.3.1/../../../../arm-none-eabi/lib/thumb/v7e-m+fp/hard\libc_nano.a(libc_a-exit.o)
                              C:/ST/STM32CubeIDE_1.17.0/STM32CubeIDE/plugins/com.st.stm32cube.ide.mcu.externaltools.gnu-tools-for-stm32.12.3.rel1.win32_1.1.0.202410251130/tools/bin/../lib/gcc/arm-none-eabi/12.3.1/../../../../arm-none-eabi/lib/thumb/v7e-m+fp/hard/crt0.o (exit)
C:/ST/STM32CubeIDE_1.17.0/STM32CubeIDE/plugins/com.st.stm32cube.ide.mcu.externaltools.gnu-tools-for-stm32.12.3.rel1.win32_1.1.0.202410251130/tools/bin/../lib/gcc/arm-none-eabi/12.3.1/../../../../arm-none-eabi/lib/thumb/v7e-m+fp/hard\libc_nano.a(libc_a-findfp.o)
                              ./Middlewares/FreeRTOS/tasks.o (__sf)
C:/ST/STM32CubeIDE_1.17.0/STM32CubeIDE/plugins/com.st.stm32cube.ide.mcu.externaltools.gnu-tools-for-stm32.12.3.rel1.win32_1.1.0.202410251130/tools/bin/../lib/gcc/arm-none-eabi/12.3.1/../../../../arm-none-eabi/lib/thumb/v7e-m+fp/hard\libc_nano.a(libc_a-fwalk.o)
                              C:/ST/STM32CubeIDE_1.17.0/STM32CubeIDE/plugins/com.st.stm32cube.ide.mcu.externaltools.gnu-tools-for-stm32.12.3.rel1.win32_1.1.0.202410251130/tools/bin/../lib/gcc/arm-none-eabi/12.3.1/../../../../arm-none-eabi/lib/thumb/v7e-m+fp/hard\libc_nano.a(libc_a-findfp.o) (_fwalk_sglue)
C:/ST/STM32CubeIDE_1.17.0/STM32CubeIDE/plugins/com.st.stm32cube.ide.mcu.externaltools.gnu-tools-for-stm32.12.3.rel1.win32_1.1.0.202410251130/tools/bin/../lib/gcc/arm-none-eabi/12.3.1/../../../../arm-none-eabi/lib/thumb/v7e-m+fp/hard\libc_nano.a(libc_a-sprintf.o)
                              ./Middlewares/FreeRTOS/tasks.o (sprintf)
C:/ST/STM32CubeIDE_1.17.0/STM32CubeIDE/plugins/com.st.stm32cube.ide.mcu.externaltools.gnu-tools-for-stm32.12.3.rel1.win32_1.1.0.202410251130/tools/bin/../lib/gcc/arm-none-eabi/12.3.1/../../../../arm-none-eabi/lib/thumb/v7e-m+fp/hard\libc_nano.a(libc_a-stdio.o)
                              C:/ST/STM32CubeIDE_1.17.0/STM32CubeIDE/plugins/com.st.stm32cube.ide.mcu.externaltools.gnu-tools-for-stm32.12.3.rel1.win32_1.1.0.202410251130/tools/bin/../lib/gcc/arm-none-eabi/12.3.1/../../../../arm-none-eabi/lib/thumb/v7e-m+fp/hard\libc_nano.a(libc_a-findfp.o) (__sread)
C:/ST/STM32CubeIDE_1.17.0/STM32CubeIDE/plugins/com.st.stm32cube.ide.mcu.externaltools.gnu-tools-for-stm32.12.3.rel1.win32_1.1.0.202410251130/tools/bin/../lib/gcc/arm-none-eabi/12.3.1/../../../../arm-none-eabi/lib/thumb/v7e-m+fp/hard\libc_nano.a(libc_a-memset.o)
                              C:/ST/STM32CubeIDE_1.17.0/STM32CubeIDE/plugins/com.st.stm32cube.ide.mcu.externaltools.gnu-tools-for-stm32.12.3.rel1.win32_1.1.0.202410251130/tools/bin/../lib/gcc/arm-none-eabi/12.3.1/../../../../arm-none-eabi/lib/thumb/v7e-m+fp/hard/crt0.o (memset)
C:/ST/STM32CubeIDE_1.17.0/STM32CubeIDE/plugins/com.st.stm32cube.ide.mcu.externaltools.gnu-tools-for-stm32.12.3.rel1.win32_1.1.0.202410251130/tools/bin/../lib/gcc/arm-none-eabi/12.3.1/../../../../arm-none-eabi/lib/thumb/v7e-m+fp/hard\libc_nano.a(libc_a-closer.o)
                              C:/ST/STM32CubeIDE_1.17.0/STM32CubeIDE/plugins/com.st.stm32cube.ide.mcu.externaltools.gnu-tools-for-stm32.12.3.rel1.win32_1.1.0.202410251130/tools/bin/../lib/gcc/arm-none-eabi/12.3.1/../../../../arm-none-eabi/lib/thumb/v7e-m+fp/hard\libc_nano.a(libc_a-stdio.o) (_close_r)
C:/ST/STM32CubeIDE_1.17.0/STM32CubeIDE/plugins/com.st.stm32cube.ide.mcu.externaltools.gnu-tools-for-stm32.12.3.rel1.win32_1.1.0.202410251130/tools/bin/../lib/gcc/arm-none-eabi/12.3.1/../../../../arm-none-eabi/lib/thumb/v7e-m+fp/hard\libc_nano.a(libc_a-reent.o)
                              ./Middlewares/FreeRTOS/tasks.o (_reclaim_reent)
C:/ST/STM32CubeIDE_1.17.0/STM32CubeIDE/plugins/com.st.stm32cube.ide.mcu.externaltools.gnu-tools-for-stm32.12.3.rel1.win32_1.1.0.202410251130/tools/bin/../lib/gcc/arm-none-eabi/12.3.1/../../../../arm-none-eabi/lib/thumb/v7e-m+fp/hard\libc_nano.a(libc_a-impure.o)
                              ./Middlewares/FreeRTOS/tasks.o (_impure_ptr)
C:/ST/STM32CubeIDE_1.17.0/STM32CubeIDE/plugins/com.st.stm32cube.ide.mcu.externaltools.gnu-tools-for-stm32.12.3.rel1.win32_1.1.0.202410251130/tools/bin/../lib/gcc/arm-none-eabi/12.3.1/../../../../arm-none-eabi/lib/thumb/v7e-m+fp/hard\libc_nano.a(libc_a-lseekr.o)
                              C:/ST/STM32CubeIDE_1.17.0/STM32CubeIDE/plugins/com.st.stm32cube.ide.mcu.externaltools.gnu-tools-for-stm32.12.3.rel1.win32_1.1.0.202410251130/tools/bin/../lib/gcc/arm-none-eabi/12.3.1/../../../../arm-none-eabi/lib/thumb/v7e-m+fp/hard\libc_nano.a(libc_a-stdio.o) (_lseek_r)
[...]
Memory Configuration

Name             Origin             Length             Attributes
RAM              0x20000000         0x00020000         xrw
FLASH            0x08000000         0x00080000         xr
*default*        0x00000000         0xffffffff

Linker script and memory map

LOAD C:/ST/STM32CubeIDE_1.17.0/STM32CubeIDE/plugins/com.st.stm32cube.ide.mcu.externaltools.gnu-tools-for-stm32.12.3.rel1.win32_1.1.0.202410251130/tools/bin/../lib/gcc/arm-none-eabi/12.3.1/thumb/v7e-m+fp/hard/crti.o
LOAD C:/ST/STM32CubeIDE_1.17.0/STM32CubeIDE/plugins/com.st.stm32cube.ide.mcu.externaltools.gnu-tools-for-stm32.12.3.rel1.win32_1.1.0.202410251130/tools/bin/../lib/gcc/arm-none-eabi/12.3.1/thumb/v7e-m+fp/hard/crtbegin.o
LOAD C:/ST/STM32CubeIDE_1.17.0/STM32CubeIDE/plugins/com.st.stm32cube.ide.mcu.externaltools.gnu-tools-for-stm32.12.3.rel1.win32_1.1.0.202410251130/tools/bin/../lib/gcc/arm-none-eabi/12.3.1/../../../../arm-none-eabi/lib/thumb/v7e-m+fp/hard/crt0.o
LOAD ./Core/Src/adc.o
LOAD ./Core/Src/fmpi2c.o
LOAD ./Core/Src/freertos.o
LOAD ./Core/Src/gpio.o
LOAD ./Core/Src/main.o
LOAD ./Core/Src/spi.o
LOAD ./Core/Src/stm32f4xx_hal_msp.o
LOAD ./Core/Src/stm32f4xx_hal_timebase_tim.o
LOAD ./Core/Src/stm32f4xx_it.o
LOAD ./Core/Src/syscalls.o
LOAD ./Core/Src/sysmem.o
LOAD ./Core/Src/system_stm32f4xx.o
LOAD ./Core/Src/usart.o
LOAD ./Core/Startup/startup_stm32f446vetx.o
LOAD ./Drivers/STM32F4xx_HAL_Driver/stm32f4xx_hal.o
LOAD ./Drivers/STM32F4xx_HAL_Driver/stm32f4xx_hal_adc.o
LOAD ./Drivers/STM32F4xx_HAL_Driver/stm32f4xx_hal_adc_ex.o
LOAD ./Drivers/STM32F4xx_HAL_Driver/stm32f4xx_hal_cortex.o
LOAD ./Drivers/STM32F4xx_HAL_Driver/stm32f4xx_hal_dma.o
LOAD ./Drivers/STM32F4xx_HAL_Driver/stm32f4xx_hal_dma_ex.o
LOAD ./Drivers/STM32F4xx_HAL_Driver/stm32f4xx_hal_exti.o
LOAD ./Drivers/STM32F4xx_HAL_Driver/stm32f4xx_hal_flash.o
LOAD ./Drivers/STM32F4xx_HAL_Driver/stm32f4xx_hal_flash_ex.o
LOAD ./Drivers/STM32F4xx_HAL_Driver/stm32f4xx_hal_flash_ramfunc.o
LOAD ./Drivers/STM32F4xx_HAL_Driver/stm32f4xx_hal_fmpi2c.o
LOAD ./Drivers/STM32F4xx_HAL_Driver/stm32f4xx_hal_fmpi2c_ex.o
LOAD ./Drivers/STM32F4xx_HAL_Driver/stm32f4xx_hal_gpio.o
LOAD ./Drivers/STM32F4xx_HAL_Driver/stm32f4xx_hal_pwr.o
LOAD ./Drivers/STM32F4xx_HAL_Driver/stm32f4xx_hal_pwr_ex.o
LOAD ./Drivers/STM32F4xx_HAL_Driver/stm32f4xx_hal_rcc.o
LOAD ./Drivers/STM32F4xx_HAL_Driver/stm32f4xx_hal_rcc_ex.o
LOAD ./Drivers/STM32F4xx_HAL_Driver/stm32f4xx_hal_spi.o
LOAD ./Drivers/STM32F4xx_HAL_Driver/stm32f4xx_hal_tim.o
LOAD ./Drivers/STM32F4xx_HAL_Driver/stm32f4xx_hal_tim_ex.o
LOAD ./Drivers/STM32F4xx_HAL_Driver/stm32f4xx_hal_uart.o
LOAD ./Drivers/STM32F4xx_HAL_Driver/stm32f4xx_ll_adc.o
LOAD ./Middlewares/FreeRTOS/cmsis_os2.o
LOAD ./Middlewares/FreeRTOS/croutine.o
LOAD ./Middlewares/FreeRTOS/event_groups.o
LOAD ./Middlewares/FreeRTOS/heap_4.o
LOAD ./Middlewares/FreeRTOS/list.o
LOAD ./Middlewares/FreeRTOS/port.o
LOAD ./Middlewares/FreeRTOS/queue.o
LOAD ./Middlewares/FreeRTOS/stream_buffer.o
LOAD ./Middlewares/FreeRTOS/tasks.o
LOAD ./Middlewares/FreeRTOS/timers.o
START GROUP
LOAD C:/ST/STM32CubeIDE_1.17.0/STM32CubeIDE/plugins/com.st.stm32cube.ide.mcu.externaltools.gnu-tools-for-stm32.12.3.rel1.win32_1.1.0.202410251130/tools/bin/../lib/gcc/arm-none-eabi/12.3.1/../../../../arm-none-eabi/lib/thumb/v7e-m+fp/hard\libc_nano.a
LOAD C:/ST/STM32CubeIDE_1.17.0/STM32CubeIDE/plugins/com.st.stm32cube.ide.mcu.externaltools.gnu-tools-for-stm32.12.3.rel1.win32_1.1.0.202410251130/tools/bin/../lib/gcc/arm-none-eabi/12.3.1/../../../../arm-none-eabi/lib/thumb/v7e-m+fp/hard\libm.a
END GROUP
START GROUP
LOAD C:/ST/STM32CubeIDE_1.17.0/STM32CubeIDE/plugins/com.st.stm32cube.ide.mcu.externaltools.gnu-tools-for-stm32.12.3.rel1.win32_1.1.0.202410251130/tools/bin/../lib/gcc/arm-none-eabi/12.3.1/thumb/v7e-m+fp/hard\libgcc.a
LOAD C:/ST/STM32CubeIDE_1.17.0/STM32CubeIDE/plugins/com.st.stm32cube.ide.mcu.externaltools.gnu-tools-for-stm32.12.3.rel1.win32_1.1.0.202410251130/tools/bin/../lib/gcc/arm-none-eabi/12.3.1/../../../../arm-none-eabi/lib/thumb/v7e-m+fp/hard\libc_nano.a
END GROUP
START GROUP
LOAD C:/ST/STM32CubeIDE_1.17.0/STM32CubeIDE/plugins/com.st.stm32cube.ide.mcu.externaltools.gnu-tools-for-stm32.12.3.rel1.win32_1.1.0.202410251130/tools/bin/../lib/gcc/arm-none-eabi/12.3.1/thumb/v7e-m+fp/hard\libgcc.a
LOAD C:/ST/STM32CubeIDE_1.17.0/STM32CubeIDE/plugins/com.st.stm32cube.ide.mcu.externaltools.gnu-tools-for-stm32.12.3.rel1.win32_1.1.0.202410251130/tools/bin/../lib/gcc/arm-none-eabi/12.3.1/../../../../arm-none-eabi/lib/thumb/v7e-m+fp/hard\libc_nano.a
LOAD C:/ST/STM32CubeIDE_1.17.0/STM32CubeIDE/plugins/com.st.stm32cube.ide.mcu.externaltools.gnu-tools-for-stm32.12.3.rel1.win32_1.1.0.202410251130/tools/bin/../lib/gcc/arm-none-eabi/12.3.1/../../../../arm-none-eabi/lib/thumb/v7e-m+fp/hard\libnosys.a
END GROUP
START GROUP
LOAD C:/ST/STM32CubeIDE_1.17.0/STM32CubeIDE/plugins/com.st.stm32cube.ide.mcu.externaltools.gnu-tools-for-stm32.12.3.rel1.win32_1.1.0.202410251130/tools/bin/../lib/gcc/arm-none-eabi/12.3.1/thumb/v7e-m+fp/hard\libgcc.a
LOAD C:/ST/STM32CubeIDE_1.17.0/STM32CubeIDE/plugins/com.st.stm32cube.ide.mcu.externaltools.gnu-tools-for-stm32.12.3.rel1.win32_1.1.0.202410251130/tools/bin/../lib/gcc/arm-none-eabi/12.3.1/../../../../arm-none-eabi/lib/thumb/v7e-m+fp/hard\libc_nano.a
LOAD C:/ST/STM32CubeIDE_1.17.0/STM32CubeIDE/plugins/com.st.stm32cube.ide.mcu.externaltools.gnu-tools-for-stm32.12.3.rel1.win32_1.1.0.202410251130/tools/bin/../lib/gcc/arm-none-eabi/12.3.1/../../../../arm-none-eabi/lib/thumb/v7e-m+fp/hard\libnosys.a
END GROUP
LOAD C:/ST/STM32CubeIDE_1.17.0/STM32CubeIDE/plugins/com.st.stm32cube.ide.mcu.externaltools.gnu-tools-for-stm32.12.3.rel1.win32_1.1.0.202410251130/tools/bin/../lib/gcc/arm-none-eabi/12.3.1/thumb/v7e-m+fp/hard/crtend.o
LOAD C:/ST/STM32CubeIDE_1.17.0/STM32CubeIDE/plugins/com.st.stm32cube.ide.mcu.externaltools.gnu-tools-for-stm32.12.3.rel1.win32_1.1.0.202410251130/tools/bin/../lib/gcc/arm-none-eabi/12.3.1/thumb/v7e-m+fp/hard/crtn.o
                0x20020000                        _estack = (ORIGIN (RAM) + LENGTH (RAM))
                0x00000200                        _Min_Heap_Size = 0x200
                0x00000400                        _Min_Stack_Size = 0x400

.isr_vector     0x08000000      0x1c4
                0x08000000                        . = ALIGN (0x4)
 *(.isr_vector)
 .isr_vector    0x08000000      0x1c4 ./Core/Startup/startup_stm32f446vetx.o
                0x08000000                g_pfnVectors
                0x080001c4                        . = ALIGN (0x4)

.text           0x080001d0     0x6f1c
                0x080001d0                        . = ALIGN (0x4)
 *(.text)
 .text          0x080001d0       0x40 C:/ST/STM32CubeIDE_1.17.0/STM32CubeIDE/plugins/com.st.stm32cube.ide.mcu.externaltools.gnu-tools-for-stm32.12.3.rel1.win32_1.1.0.202410251130/tools/bin/../lib/gcc/arm-none-eabi/12.3.1/thumb/v7e-m+fp/hard/crtbegin.o
 .text          0x08000210       0x30 C:/ST/STM32CubeIDE_1.17.0/STM32CubeIDE/plugins/com.st.stm32cube.ide.mcu.externaltools.gnu-tools-for-stm32.12.3.rel1.win32_1.1.0.202410251130/tools/bin/../lib/gcc/arm-none-eabi/12.3.1/thumb/v7e-m+fp/hard\libgcc.a(_aeabi_uldivmod.o)
                0x08000210                __aeabi_uldivmod
 .text          0x08000240      0x2bc C:/ST/STM32CubeIDE_1.17.0/STM32CubeIDE/plugins/com.st.stm32cube.ide.mcu.externaltools.gnu-tools-for-stm32.12.3.rel1.win32_1.1.0.202410251130/tools/bin/../lib/gcc/arm-none-eabi/12.3.1/thumb/v7e-m+fp/hard\libgcc.a(_udivmoddi4.o)
                0x08000240                __udivmoddi4
 .text          0x080004fc        0x4 C:/ST/STM32CubeIDE_1.17.0/STM32CubeIDE/plugins/com.st.stm32cube.ide.mcu.externaltools.gnu-tools-for-stm32.12.3.rel1.win32_1.1.0.202410251130/tools/bin/../lib/gcc/arm-none-eabi/12.3.1/thumb/v7e-m+fp/hard\libgcc.a(_dvmd_tls.o)
                0x080004fc                __aeabi_idiv0
                0x080004fc                __aeabi_ldiv0
 *(.text*)
 .text.MX_ADC1_Init
                0x08000500       0xa4 ./Core/Src/adc.o
                0x08000500                MX_ADC1_Init
 .text.HAL_ADC_MspInit
                0x080005a4       0x88 ./Core/Src/adc.o
                0x080005a4                HAL_ADC_MspInit
 .text.MX_FMPI2C1_Init
                0x0800062c       0x6c ./Core/Src/fmpi2c.o
                0x0800062c                MX_FMPI2C1_Init
 .text.HAL_FMPI2C_MspInit
                0x08000698       0xbc ./Core/Src/fmpi2c.o
                0x08000698                HAL_FMPI2C_MspInit
 .text.configureTimerForRunTimeStats
                0x08000754        0xe ./Core/Src/freertos.o
                0x08000754                configureTimerForRunTimeStats
 .text.getRunTimeCounterValue
                0x08000762       0x10 ./Core/Src/freertos.o
                0x08000762                getRunTimeCounterValue
 *fill*         0x08000772        0x2 
 .text.MX_FREERTOS_Init
                0x08000774      0x220 ./Core/Src/freertos.o
                0x08000774                MX_FREERTOS_Init
 .text.StartDefaultTask
                0x08000994       0x10 ./Core/Src/freertos.o
                0x08000994                StartDefaultTask
 .text.Start_Joystick_Task
                0x080009a4       0x10 ./Core/Src/freertos.o
                0x080009a4                Start_Joystick_Task
 .text.StartLED_HUD_Task
                0x080009b4       0x10 ./Core/Src/freertos.o
                0x080009b4                StartLED_HUD_Task
 .text.Start_Rotary_Switch_Task
                0x080009c4       0x10 ./Core/Src/freertos.o
                0x080009c4                Start_Rotary_Switch_Task
 .text.Start_Button_Task
                0x080009d4       0x10 ./Core/Src/freertos.o
                0x080009d4                Start_Button_Task
 .text.StartTask06
                0x080009e4       0x10 ./Core/Src/freertos.o
                0x080009e4                StartTask06
 .text.Start_debug_LED_Task
                0x080009f4       0x10 ./Core/Src/freertos.o
                0x080009f4                Start_debug_LED_Task
 .text.Start_EXP_1_Task
                0x08000a04       0x10 ./Core/Src/freertos.o
                0x08000a04                Start_EXP_1_Task
 .text.Start_EXP_2_Task
                0x08000a14       0x10 ./Core/Src/freertos.o
                0x08000a14                Start_EXP_2_Task
 .text.Callback01
                0x08000a24       0x14 ./Core/Src/freertos.o
                0x08000a24                Callback01
 .text.Callback02
                0x08000a38       0x14 ./Core/Src/freertos.o
                0x08000a38                Callback02
 .text.Callback03
                0x08000a4c       0x14 ./Core/Src/freertos.o
                0x08000a4c                Callback03
 .text.MX_GPIO_Init
                0x08000a60      0x26c ./Core/Src/gpio.o
                0x08000a60                MX_GPIO_Init
 .text.main     0x08000ccc       0x38 ./Core/Src/main.o
                0x08000ccc                main
 .text.SystemClock_Config
                0x08000d04       0xc0 ./Core/Src/main.o
                0x08000d04                SystemClock_Config
 .text.HAL_TIM_PeriodElapsedCallback
                0x08000dc4       0x24 ./Core/Src/main.o
                0x08000dc4                HAL_TIM_PeriodElapsedCallback
 .text.Error_Handler
                0x08000de8        0xc ./Core/Src/main.o
                0x08000de8                Error_Handler
 .text.MX_SPI1_Init
                0x08000df4       0x6c ./Core/Src/spi.o
                0x08000df4                MX_SPI1_Init
 .text.HAL_SPI_MspInit
                0x08000e60       0x90 ./Core/Src/spi.o
                0x08000e60                HAL_SPI_MspInit
 .text.HAL_MspInit
                0x08000ef0       0x58 ./Core/Src/stm32f4xx_hal_msp.o
                0x08000ef0                HAL_MspInit
 .text.HAL_InitTick
                0x08000f48       0xe4 ./Core/Src/stm32f4xx_hal_timebase_tim.o
                0x08000f48                HAL_InitTick
 .text.NMI_Handler
                0x0800102c        0x8 ./Core/Src/stm32f4xx_it.o
                0x0800102c                NMI_Handler
 .text.HardFault_Handler
                0x08001034        0x8 ./Core/Src/stm32f4xx_it.o
                0x08001034                HardFault_Handler
 .text.MemManage_Handler
                0x0800103c        0x8 ./Core/Src/stm32f4xx_it.o
                0x0800103c                MemManage_Handler
 .text.BusFault_Handler
                0x08001044        0x8 ./Core/Src/stm32f4xx_it.o
                0x08001044                BusFault_Handler
 .text.UsageFault_Handler
                0x0800104c        0x8 ./Core/Src/stm32f4xx_it.o
                0x0800104c                UsageFault_Handler
 .text.DebugMon_Handler
                0x08001054        0xe ./Core/Src/stm32f4xx_it.o
                0x08001054                DebugMon_Handler
 *fill*         0x08001062        0x2 
 .text.TIM1_UP_TIM10_IRQHandler
                0x08001064       0x14 ./Core/Src/stm32f4xx_it.o
                0x08001064                TIM1_UP_TIM10_IRQHandler
 .text.SystemInit
                0x08001078       0x24 ./Core/Src/system_stm32f4xx.o
                0x08001078                SystemInit
 .text.MX_UART5_Init
                0x0800109c       0x54 ./Core/Src/usart.o
                0x0800109c                MX_UART5_Init
 .text.MX_USART1_UART_Init
                0x080010f0       0x54 ./Core/Src/usart.o
                0x080010f0                MX_USART1_UART_Init
 .text.MX_USART2_UART_Init
                0x08001144       0x54 ./Core/Src/usart.o
                0x08001144                MX_USART2_UART_Init
 .text.HAL_UART_MspInit
                0x08001198      0x1ac ./Core/Src/usart.o
                0x08001198                HAL_UART_MspInit
 .text.Reset_Handler
                0x08001344       0x50 ./Core/Startup/startup_stm32f446vetx.o
                0x08001344                Reset_Handler
 .text.Default_Handler
                0x08001394        0x2 ./Core/Startup/startup_stm32f446vetx.o
                0x08001394                RTC_Alarm_IRQHandler
                0x08001394                EXTI2_IRQHandler
                0x08001394                TIM8_CC_IRQHandler
                0x08001394                FMPI2C1_EV_IRQHandler
                0x08001394                SPI4_IRQHandler
                0x08001394                TIM1_CC_IRQHandler
                0x08001394                DMA2_Stream5_IRQHandler
                0x08001394                DMA1_Stream5_IRQHandler
                0x08001394                PVD_IRQHandler
                0x08001394                SDIO_IRQHandler
                0x08001394                TAMP_STAMP_IRQHandler
                0x08001394                CAN2_RX1_IRQHandler
                0x08001394                EXTI3_IRQHandler
                0x08001394                TIM8_TRG_COM_TIM14_IRQHandler
                0x08001394                TIM8_UP_TIM13_IRQHandler
                0x08001394                I2C3_ER_IRQHandler
                0x08001394                EXTI0_IRQHandler
                0x08001394                I2C2_EV_IRQHandler
                0x08001394                DMA1_Stream2_IRQHandler
                0x08001394                CAN1_RX0_IRQHandler
                0x08001394                FPU_IRQHandler
                0x08001394                OTG_HS_WKUP_IRQHandler
                0x08001394                CAN2_SCE_IRQHandler
                0x08001394                DMA2_Stream2_IRQHandler
                0x08001394                SPI1_IRQHandler
                0x08001394                TIM6_DAC_IRQHandler
                0x08001394                TIM1_BRK_TIM9_IRQHandler
                0x08001394                DCMI_IRQHandler
                0x08001394                CAN2_RX0_IRQHandler
                0x08001394                DMA2_Stream3_IRQHandler
                0x08001394                SAI2_IRQHandler
                0x08001394                USART6_IRQHandler
                0x08001394                USART3_IRQHandler
                0x08001394                CAN1_RX1_IRQHandler
                0x08001394                UART5_IRQHandler
                0x08001394                DMA2_Stream0_IRQHandler
                0x08001394                TIM4_IRQHandler
                0x08001394                QUADSPI_IRQHandler
                0x08001394                I2C1_EV_IRQHandler
                0x08001394                DMA1_Stream6_IRQHandler
                0x08001394                DMA1_Stream1_IRQHandler
                0x08001394                UART4_IRQHandler
                0x08001394                TIM3_IRQHandler
                0x08001394                RCC_IRQHandler
                0x08001394                TIM8_BRK_TIM12_IRQHandler
                0x08001394                Default_Handler
                0x08001394                CEC_IRQHandler
                0x08001394                EXTI15_10_IRQHandler
                0x08001394                ADC_IRQHandler
                0x08001394                DMA1_Stream7_IRQHandler
                0x08001394                TIM7_IRQHandler
                0x08001394                CAN2_TX_IRQHandler
                0x08001394                TIM5_IRQHandler
                0x08001394                DMA2_Stream7_IRQHandler
                0x08001394                I2C3_EV_IRQHandler
                0x08001394                EXTI9_5_IRQHandler
                0x08001394                RTC_WKUP_IRQHandler
                0x08001394                SPDIF_RX_IRQHandler
                0x08001394                SPI2_IRQHandler
                0x08001394                OTG_HS_EP1_IN_IRQHandler
                0x08001394                DMA1_Stream0_IRQHandler
                0x08001394                CAN1_TX_IRQHandler
                0x08001394                FMPI2C1_ER_IRQHandler
                0x08001394                EXTI4_IRQHandler
                0x08001394                OTG_HS_EP1_OUT_IRQHandler
                0x08001394                WWDG_IRQHandler
                0x08001394                TIM2_IRQHandler
                0x08001394                OTG_FS_WKUP_IRQHandler
                0x08001394                TIM1_TRG_COM_TIM11_IRQHandler
                0x08001394                OTG_HS_IRQHandler
                0x08001394                EXTI1_IRQHandler
                0x08001394                USART2_IRQHandler
                0x08001394                I2C2_ER_IRQHandler
                0x08001394                DMA2_Stream1_IRQHandler
                0x08001394                CAN1_SCE_IRQHandler
                0x08001394                FLASH_IRQHandler
                0x08001394                DMA2_Stream4_IRQHandler
                0x08001394                USART1_IRQHandler
                0x08001394                OTG_FS_IRQHandler
                0x08001394                SPI3_IRQHandler
                0x08001394                DMA1_Stream4_IRQHandler
                0x08001394                I2C1_ER_IRQHandler
                0x08001394                FMC_IRQHandler
                0x08001394                DMA2_Stream6_IRQHandler
                0x08001394                SAI1_IRQHandler
                0x08001394                DMA1_Stream3_IRQHandler
 *fill*         0x08001396        0x2 
 .text.HAL_Init
                0x08001398       0x44 ./Drivers/STM32F4xx_HAL_Driver/stm32f4xx_hal.o
                0x08001398                HAL_Init
 .text.HAL_IncTick
                0x080013dc       0x28 ./Drivers/STM32F4xx_HAL_Driver/stm32f4xx_hal.o
                0x080013dc                HAL_IncTick
 .text.HAL_GetTick
                0x08001404       0x18 ./Drivers/STM32F4xx_HAL_Driver/stm32f4xx_hal.o
                0x08001404                HAL_GetTick
 .text.HAL_ADC_Init
                0x0800141c       0x86 ./Drivers/STM32F4xx_HAL_Driver/stm32f4xx_hal_adc.o
                0x0800141c                HAL_ADC_Init
 *fill*         0x080014a2        0x2 
 .text.HAL_ADC_ConfigChannel
                0x080014a4      0x264 ./Drivers/STM32F4xx_HAL_Driver/stm32f4xx_hal_adc.o
                0x080014a4                HAL_ADC_ConfigChannel
 .text.ADC_Init
                0x08001708      0x1f8 ./Drivers/STM32F4xx_HAL_Driver/stm32f4xx_hal_adc.o
 .text.__NVIC_SetPriorityGrouping
                0x08001900       0x48 ./Drivers/STM32F4xx_HAL_Driver/stm32f4xx_hal_cortex.o
 .text.__NVIC_GetPriorityGrouping
                0x08001948       0x1c ./Drivers/STM32F4xx_HAL_Driver/stm32f4xx_hal_cortex.o
 .text.__NVIC_EnableIRQ
                0x08001964       0x3c ./Drivers/STM32F4xx_HAL_Driver/stm32f4xx_hal_cortex.o
 .text.__NVIC_SetPriority
                0x080019a0       0x54 ./Drivers/STM32F4xx_HAL_Driver/stm32f4xx_hal_cortex.o
 .text.NVIC_EncodePriority
                0x080019f4       0x66 ./Drivers/STM32F4xx_HAL_Driver/stm32f4xx_hal_cortex.o
 .text.HAL_NVIC_SetPriorityGrouping
                0x08001a5a       0x16 ./Drivers/STM32F4xx_HAL_Driver/stm32f4xx_hal_cortex.o
                0x08001a5a                HAL_NVIC_SetPriorityGrouping
 .text.HAL_NVIC_SetPriority
                0x08001a70       0x38 ./Drivers/STM32F4xx_HAL_Driver/stm32f4xx_hal_cortex.o
                0x08001a70                HAL_NVIC_SetPriority
 .text.HAL_NVIC_EnableIRQ
                0x08001aa8       0x1c ./Drivers/STM32F4xx_HAL_Driver/stm32f4xx_hal_cortex.o
                0x08001aa8                HAL_NVIC_EnableIRQ
 .text.HAL_FMPI2C_Init
                0x08001ac4      0x136 ./Drivers/STM32F4xx_HAL_Driver/stm32f4xx_hal_fmpi2c.o
                0x08001ac4                HAL_FMPI2C_Init
 .text.HAL_FMPI2CEx_ConfigAnalogFilter
                0x08001bfa       0x96 ./Drivers/STM32F4xx_HAL_Driver/stm32f4xx_hal_fmpi2c_ex.o
                0x08001bfa                HAL_FMPI2CEx_ConfigAnalogFilter
 .text.HAL_GPIO_Init
                0x08001c90      0x328 ./Drivers/STM32F4xx_HAL_Driver/stm32f4xx_hal_gpio.o
                0x08001c90                HAL_GPIO_Init
 .text.HAL_GPIO_WritePin
                0x08001fb8       0x32 ./Drivers/STM32F4xx_HAL_Driver/stm32f4xx_hal_gpio.o
                0x08001fb8                HAL_GPIO_WritePin
 *fill*         0x08001fea        0x2 
 .text.HAL_RCC_ClockConfig
                0x08001fec      0x1cc ./Drivers/STM32F4xx_HAL_Driver/stm32f4xx_hal_rcc.o
                0x08001fec                HAL_RCC_ClockConfig
 .text.HAL_RCC_GetHCLKFreq
                0x080021b8       0x18 ./Drivers/STM32F4xx_HAL_Driver/stm32f4xx_hal_rcc.o
                0x080021b8                HAL_RCC_GetHCLKFreq
 .text.HAL_RCC_GetPCLK1Freq
                0x080021d0       0x28 ./Drivers/STM32F4xx_HAL_Driver/stm32f4xx_hal_rcc.o
                0x080021d0                HAL_RCC_GetPCLK1Freq
 .text.HAL_RCC_GetPCLK2Freq
                0x080021f8       0x28 ./Drivers/STM32F4xx_HAL_Driver/stm32f4xx_hal_rcc.o
                0x080021f8                HAL_RCC_GetPCLK2Freq
 .text.HAL_RCC_GetClockConfig
                0x08002220       0x64 ./Drivers/STM32F4xx_HAL_Driver/stm32f4xx_hal_rcc.o
                0x08002220                HAL_RCC_GetClockConfig
 .text.HAL_RCCEx_PeriphCLKConfig
                0x08002284      0x654 ./Drivers/STM32F4xx_HAL_Driver/stm32f4xx_hal_rcc_ex.o
                0x08002284                HAL_RCCEx_PeriphCLKConfig
 .text.HAL_RCC_GetSysClockFreq
                0x080028d8      0x354 ./Drivers/STM32F4xx_HAL_Driver/stm32f4xx_hal_rcc_ex.o
                0x080028d8                HAL_RCC_GetSysClockFreq
 .text.HAL_RCC_OscConfig
                0x08002c2c      0x53c ./Drivers/STM32F4xx_HAL_Driver/stm32f4xx_hal_rcc_ex.o
                0x08002c2c                HAL_RCC_OscConfig
 .text.HAL_SPI_Init
                0x08003168      0x112 ./Drivers/STM32F4xx_HAL_Driver/stm32f4xx_hal_spi.o
                0x08003168                HAL_SPI_Init
 .text.HAL_TIM_Base_Init
                0x0800327a       0x9e ./Drivers/STM32F4xx_HAL_Driver/stm32f4xx_hal_tim.o
                0x0800327a                HAL_TIM_Base_Init
 .text.HAL_TIM_Base_MspInit
                0x08003318       0x14 ./Drivers/STM32F4xx_HAL_Driver/stm32f4xx_hal_tim.o
                0x08003318                HAL_TIM_Base_MspInit
 .text.HAL_TIM_Base_Start_IT
                0x0800332c       0xe0 ./Drivers/STM32F4xx_HAL_Driver/stm32f4xx_hal_tim.o
                0x0800332c                HAL_TIM_Base_Start_IT
 .text.HAL_TIM_IRQHandler
                0x0800340c      0x1e0 ./Drivers/STM32F4xx_HAL_Driver/stm32f4xx_hal_tim.o
                0x0800340c                HAL_TIM_IRQHandler
 .text.HAL_TIM_OC_DelayElapsedCallback
                0x080035ec       0x14 ./Drivers/STM32F4xx_HAL_Driver/stm32f4xx_hal_tim.o
                0x080035ec                HAL_TIM_OC_DelayElapsedCallback
 .text.HAL_TIM_IC_CaptureCallback
                0x08003600       0x14 ./Drivers/STM32F4xx_HAL_Driver/stm32f4xx_hal_tim.o
                0x08003600                HAL_TIM_IC_CaptureCallback
 .text.HAL_TIM_PWM_PulseFinishedCallback
                0x08003614       0x14 ./Drivers/STM32F4xx_HAL_Driver/stm32f4xx_hal_tim.o
                0x08003614                HAL_TIM_PWM_PulseFinishedCallback
 .text.HAL_TIM_TriggerCallback
                0x08003628       0x14 ./Drivers/STM32F4xx_HAL_Driver/stm32f4xx_hal_tim.o
                0x08003628                HAL_TIM_TriggerCallback
 .text.TIM_Base_SetConfig
                0x0800363c      0x158 ./Drivers/STM32F4xx_HAL_Driver/stm32f4xx_hal_tim.o
                0x0800363c                TIM_Base_SetConfig
 .text.HAL_TIMEx_CommutCallback
                0x08003794       0x14 ./Drivers/STM32F4xx_HAL_Driver/stm32f4xx_hal_tim_ex.o
                0x08003794                HAL_TIMEx_CommutCallback
 .text.HAL_TIMEx_BreakCallback
                0x080037a8       0x14 ./Drivers/STM32F4xx_HAL_Driver/stm32f4xx_hal_tim_ex.o
                0x080037a8                HAL_TIMEx_BreakCallback
 .text.HAL_UART_Init
                0x080037bc       0xa0 ./Drivers/STM32F4xx_HAL_Driver/stm32f4xx_hal_uart.o
                0x080037bc                HAL_UART_Init
 .text.UART_SetConfig
                0x0800385c      0x4e8 ./Drivers/STM32F4xx_HAL_Driver/stm32f4xx_hal_uart.o
 .text.__NVIC_SetPriority
                0x08003d44       0x54 ./Middlewares/FreeRTOS/cmsis_os2.o
 .text.SysTick_Handler
                0x08003d98       0x20 ./Middlewares/FreeRTOS/cmsis_os2.o
                0x08003d98                SysTick_Handler
 .text.SVC_Setup
                0x08003db8       0x12 ./Middlewares/FreeRTOS/cmsis_os2.o
 *fill*         0x08003dca        0x2 
 .text.osKernelInitialize
                0x08003dcc       0x48 ./Middlewares/FreeRTOS/cmsis_os2.o
                0x08003dcc                osKernelInitialize
 .text.osKernelStart
                0x08003e14       0x4c ./Middlewares/FreeRTOS/cmsis_os2.o
                0x08003e14                osKernelStart
 .text.osThreadNew
                0x08003e60      0x124 ./Middlewares/FreeRTOS/cmsis_os2.o
                0x08003e60                osThreadNew
 .text.osDelay  0x08003f84       0x36 ./Middlewares/FreeRTOS/cmsis_os2.o
                0x08003f84                osDelay
 .text.TimerCallback
                0x08003fba       0x2a ./Middlewares/FreeRTOS/cmsis_os2.o
 .text.osTimerNew
                0x08003fe4       0xf8 ./Middlewares/FreeRTOS/cmsis_os2.o
                0x08003fe4                osTimerNew
 .text.osSemaphoreNew
                0x080040dc      0x112 ./Middlewares/FreeRTOS/cmsis_os2.o
                0x080040dc                osSemaphoreNew
 *fill*         0x080041ee        0x2 
 .text.vApplicationGetIdleTaskMemory
                0x080041f0       0x34 ./Middlewares/FreeRTOS/cmsis_os2.o
                0x080041f0                vApplicationGetIdleTaskMemory
 .text.vApplicationGetTimerTaskMemory
                0x08004224       0x34 ./Middlewares/FreeRTOS/cmsis_os2.o
                0x08004224                vApplicationGetTimerTaskMemory
 .text.pvPortMalloc
                0x08004258      0x19c ./Middlewares/FreeRTOS/heap_4.o
                0x08004258                pvPortMalloc
 .text.vPortFree
                0x080043f4       0xc8 ./Middlewares/FreeRTOS/heap_4.o
                0x080043f4                vPortFree
 .text.prvHeapInit
                0x080044bc       0xc4 ./Middlewares/FreeRTOS/heap_4.o
 .text.prvInsertBlockIntoFreeList
                0x08004580       0xb4 ./Middlewares/FreeRTOS/heap_4.o
 .text.vListInitialise
                0x08004634       0x40 ./Middlewares/FreeRTOS/list.o
                0x08004634                vListInitialise
 .text.vListInitialiseItem
                0x08004674       0x1a ./Middlewares/FreeRTOS/list.o
                0x08004674                vListInitialiseItem
 .text.vListInsertEnd
                0x0800468e       0x48 ./Middlewares/FreeRTOS/list.o
                0x0800468e                vListInsertEnd
 .text.vListInsert
                0x080046d6       0x72 ./Middlewares/FreeRTOS/list.o
                0x080046d6                vListInsert
 .text.uxListRemove
                0x08004748       0x54 ./Middlewares/FreeRTOS/list.o
                0x08004748                uxListRemove
 .text.pxPortInitialiseStack
                0x0800479c       0x68 ./Middlewares/FreeRTOS/port.o
                0x0800479c                pxPortInitialiseStack
 .text.prvTaskExitError
                0x08004804       0x5c ./Middlewares/FreeRTOS/port.o
 .text.SVC_Handler
                0x08004860       0x28 ./Middlewares/FreeRTOS/port.o
                0x08004860                SVC_Handler
 .text.prvPortStartFirstTask
                0x08004888       0x28 ./Middlewares/FreeRTOS/port.o
 .text.xPortStartScheduler
                0x080048b0      0x148 ./Middlewares/FreeRTOS/port.o
                0x080048b0                xPortStartScheduler
 .text.vPortEnterCritical
                0x080049f8       0x64 ./Middlewares/FreeRTOS/port.o
                0x080049f8                vPortEnterCritical
 .text.vPortExitCritical
                0x08004a5c       0x54 ./Middlewares/FreeRTOS/port.o
                0x08004a5c                vPortExitCritical
 .text.PendSV_Handler
                0x08004ab0       0x68 ./Middlewares/FreeRTOS/port.o
                0x08004ab0                PendSV_Handler
 .text.xPortSysTickHandler
                0x08004b18       0x44 ./Middlewares/FreeRTOS/port.o
                0x08004b18                xPortSysTickHandler
 .text.vPortSetupTimerInterrupt
                0x08004b5c       0x48 ./Middlewares/FreeRTOS/port.o
                0x08004b5c                vPortSetupTimerInterrupt
 .text.vPortEnableVFP
                0x08004ba4       0x14 ./Middlewares/FreeRTOS/port.o
 .text.vPortValidateInterruptPriority
                0x08004bb8       0x84 ./Middlewares/FreeRTOS/port.o
                0x08004bb8                vPortValidateInterruptPriority
 .text.xQueueGenericReset
                0x08004c3c       0xd4 ./Middlewares/FreeRTOS/queue.o
                0x08004c3c                xQueueGenericReset
 .text.xQueueGenericCreateStatic
                0x08004d10       0xfa ./Middlewares/FreeRTOS/queue.o
                0x08004d10                xQueueGenericCreateStatic
 .text.xQueueGenericCreate
                0x08004e0a       0x76 ./Middlewares/FreeRTOS/queue.o
                0x08004e0a                xQueueGenericCreate
 .text.prvInitialiseNewQueue
                0x08004e80       0x46 ./Middlewares/FreeRTOS/queue.o
 .text.xQueueCreateCountingSemaphoreStatic
                0x08004ec6       0x72 ./Middlewares/FreeRTOS/queue.o
                0x08004ec6                xQueueCreateCountingSemaphoreStatic
 .text.xQueueCreateCountingSemaphore
                0x08004f38       0x6a ./Middlewares/FreeRTOS/queue.o
                0x08004f38                xQueueCreateCountingSemaphore
 *fill*         0x08004fa2        0x2 
 .text.xQueueGenericSend
                0x08004fa4      0x204 ./Middlewares/FreeRTOS/queue.o
                0x08004fa4                xQueueGenericSend
 .text.xQueueGenericSendFromISR
                0x080051a8      0x13c ./Middlewares/FreeRTOS/queue.o
                0x080051a8                xQueueGenericSendFromISR
 .text.xQueueReceive
                0x080052e4      0x1c4 ./Middlewares/FreeRTOS/queue.o
                0x080052e4                xQueueReceive
 .text.vQueueDelete
                0x080054a8       0x48 ./Middlewares/FreeRTOS/queue.o
                0x080054a8                vQueueDelete
 .text.prvCopyDataToQueue
                0x080054f0       0xd4 ./Middlewares/FreeRTOS/queue.o
 .text.prvCopyDataFromQueue
                0x080055c4       0x4c ./Middlewares/FreeRTOS/queue.o
 .text.prvUnlockQueue
                0x08005610       0xa4 ./Middlewares/FreeRTOS/queue.o
 .text.prvIsQueueEmpty
                0x080056b4       0x2c ./Middlewares/FreeRTOS/queue.o
 .text.prvIsQueueFull
                0x080056e0       0x30 ./Middlewares/FreeRTOS/queue.o
 .text.vQueueAddToRegistry
                0x08005710       0x54 ./Middlewares/FreeRTOS/queue.o
                0x08005710                vQueueAddToRegistry
 .text.vQueueUnregisterQueue
                0x08005764       0x54 ./Middlewares/FreeRTOS/queue.o
                0x08005764                vQueueUnregisterQueue
 .text.vQueueWaitForMessageRestricted
                0x080057b8       0x68 ./Middlewares/FreeRTOS/queue.o
                0x080057b8                vQueueWaitForMessageRestricted
 .text.xTaskCreateStatic
                0x08005820       0xc0 ./Middlewares/FreeRTOS/tasks.o
                0x08005820                xTaskCreateStatic
 .text.xTaskCreate
                0x080058e0       0x8a ./Middlewares/FreeRTOS/tasks.o
                0x080058e0                xTaskCreate
 *fill*         0x0800596a        0x2 
 .text.prvInitialiseNewTask
                0x0800596c      0x154 ./Middlewares/FreeRTOS/tasks.o
 .text.prvAddNewTaskToReadyList
                0x08005ac0       0xe0 ./Middlewares/FreeRTOS/tasks.o
 .text.vTaskDelay
                0x08005ba0       0x6c ./Middlewares/FreeRTOS/tasks.o
                0x08005ba0                vTaskDelay
 .text.vTaskStartScheduler
                0x08005c0c       0xe4 ./Middlewares/FreeRTOS/tasks.o
                0x08005c0c                vTaskStartScheduler
 .text.vTaskSuspendAll
                0x08005cf0       0x1c ./Middlewares/FreeRTOS/tasks.o
                0x08005cf0                vTaskSuspendAll
 .text.xTaskResumeAll
                0x08005d0c      0x13c ./Middlewares/FreeRTOS/tasks.o
                0x08005d0c                xTaskResumeAll
 .text.xTaskGetTickCount
                0x08005e48       0x20 ./Middlewares/FreeRTOS/tasks.o
                0x08005e48                xTaskGetTickCount
 .text.xTaskIncrementTick
                0x08005e68      0x174 ./Middlewares/FreeRTOS/tasks.o
                0x08005e68                xTaskIncrementTick
 .text.vTaskSwitchContext
                0x08005fdc      0x100 ./Middlewares/FreeRTOS/tasks.o
                0x08005fdc                vTaskSwitchContext
 .text.vTaskPlaceOnEventList
                0x080060dc       0x4c ./Middlewares/FreeRTOS/tasks.o
                0x080060dc                vTaskPlaceOnEventList
 .text.vTaskPlaceOnEventListRestricted
                0x08006128       0x58 ./Middlewares/FreeRTOS/tasks.o
                0x08006128                vTaskPlaceOnEventListRestricted
 .text.xTaskRemoveFromEventList
                0x08006180       0xc8 ./Middlewares/FreeRTOS/tasks.o
                0x08006180                xTaskRemoveFromEventList
 .text.vTaskInternalSetTimeOutState
                0x08006248       0x2c ./Middlewares/FreeRTOS/tasks.o
                0x08006248                vTaskInternalSetTimeOutState
 .text.xTaskCheckForTimeOut
                0x08006274       0xc8 ./Middlewares/FreeRTOS/tasks.o
                0x08006274                xTaskCheckForTimeOut
 .text.vTaskMissedYield
                0x0800633c       0x18 ./Middlewares/FreeRTOS/tasks.o
                0x0800633c                vTaskMissedYield
 .text.prvIdleTask
                0x08006354       0x30 ./Middlewares/FreeRTOS/tasks.o
 .text.prvInitialiseTaskLists
                0x08006384       0x80 ./Middlewares/FreeRTOS/tasks.o
 .text.prvCheckTasksWaitingTermination
                0x08006404       0x5c ./Middlewares/FreeRTOS/tasks.o
 .text.prvDeleteTCB
                0x08006460       0x6a ./Middlewares/FreeRTOS/tasks.o
 *fill*         0x080064ca        0x2 
 .text.prvResetNextTaskUnblockTime
                0x080064cc       0x40 ./Middlewares/FreeRTOS/tasks.o
 .text.xTaskGetSchedulerState
                0x0800650c       0x3c ./Middlewares/FreeRTOS/tasks.o
                0x0800650c                xTaskGetSchedulerState
 .text.xTaskPriorityDisinherit
                0x08006548       0xe0 ./Middlewares/FreeRTOS/tasks.o
                0x08006548                xTaskPriorityDisinherit
 .text.prvAddCurrentTaskToDelayedList
                0x08006628       0xa8 ./Middlewares/FreeRTOS/tasks.o
 .text.xTimerCreateTimerTask
                0x080066d0       0x94 ./Middlewares/FreeRTOS/timers.o
                0x080066d0                xTimerCreateTimerTask
 .text.xTimerCreate
                0x08006764       0x42 ./Middlewares/FreeRTOS/timers.o
                0x08006764                xTimerCreate
 .text.xTimerCreateStatic
                0x080067a6       0x80 ./Middlewares/FreeRTOS/timers.o
                0x080067a6                xTimerCreateStatic
 .text.prvInitialiseNewTimer
                0x08006826       0x78 ./Middlewares/FreeRTOS/timers.o
 *fill*         0x0800689e        0x2 
 .text.xTimerGenericCommand
                0x080068a0       0x9c ./Middlewares/FreeRTOS/timers.o
                0x080068a0                xTimerGenericCommand
 .text.prvProcessExpiredTimer
                0x0800693c       0x9c ./Middlewares/FreeRTOS/timers.o
 .text.prvTimerTask
                0x080069d8       0x26 ./Middlewares/FreeRTOS/timers.o
 *fill*         0x080069fe        0x2 
 .text.prvProcessTimerOrBlockTask
                0x08006a00       0x9c ./Middlewares/FreeRTOS/timers.o
 .text.prvGetNextExpireTime
                0x08006a9c       0x48 ./Middlewares/FreeRTOS/timers.o
 .text.prvSampleTimeNow
                0x08006ae4       0x40 ./Middlewares/FreeRTOS/timers.o
 .text.prvInsertTimerInActiveList
                0x08006b24       0x84 ./Middlewares/FreeRTOS/timers.o
 .text.prvProcessReceivedCommands
                0x08006ba8      0x1cc ./Middlewares/FreeRTOS/timers.o
 .text.prvSwitchTimerLists
                0x08006d74       0xcc ./Middlewares/FreeRTOS/timers.o
 .text.prvCheckForValidListAndQueue
                0x08006e40       0x80 ./Middlewares/FreeRTOS/timers.o
 .text.pvTimerGetTimerID
                0x08006ec0       0x42 ./Middlewares/FreeRTOS/timers.o
                0x08006ec0                pvTimerGetTimerID
 .text.memset   0x08006f02       0x10 C:/ST/STM32CubeIDE_1.17.0/STM32CubeIDE/plugins/com.st.stm32cube.ide.mcu.externaltools.gnu-tools-for-stm32.12.3.rel1.win32_1.1.0.202410251130/tools/bin/../lib/gcc/arm-none-eabi/12.3.1/../../../../arm-none-eabi/lib/thumb/v7e-m+fp/hard\libc_nano.a(libc_a-memset.o)
                0x08006f02                memset
 *fill*         0x08006f12        0x2 
 .text._reclaim_reent
                0x08006f14       0xac C:/ST/STM32CubeIDE_1.17.0/STM32CubeIDE/plugins/com.st.stm32cube.ide.mcu.externaltools.gnu-tools-for-stm32.12.3.rel1.win32_1.1.0.202410251130/tools/bin/../lib/gcc/arm-none-eabi/12.3.1/../../../../arm-none-eabi/lib/thumb/v7e-m+fp/hard\libc_nano.a(libc_a-reent.o)
                0x08006f14                _reclaim_reent
 .text.__libc_init_array
                0x08006fc0       0x48 C:/ST/STM32CubeIDE_1.17.0/STM32CubeIDE/plugins/com.st.stm32cube.ide.mcu.externaltools.gnu-tools-for-stm32.12.3.rel1.win32_1.1.0.202410251130/tools/bin/../lib/gcc/arm-none-eabi/12.3.1/../../../../arm-none-eabi/lib/thumb/v7e-m+fp/hard\libc_nano.a(libc_a-init.o)
                0x08006fc0                __libc_init_array
 .text.__retarget_lock_acquire_recursive
                0x08007008        0x2 C:/ST/STM32CubeIDE_1.17.0/STM32CubeIDE/plugins/com.st.stm32cube.ide.mcu.externaltools.gnu-tools-for-stm32.12.3.rel1.win32_1.1.0.202410251130/tools/bin/../lib/gcc/arm-none-eabi/12.3.1/../../../../arm-none-eabi/lib/thumb/v7e-m+fp/hard\libc_nano.a(libc_a-lock.o)
                0x08007008                __retarget_lock_acquire_recursive
 .text.__retarget_lock_release_recursive
                0x0800700a        0x2 C:/ST/STM32CubeIDE_1.17.0/STM32CubeIDE/plugins/com.st.stm32cube.ide.mcu.externaltools.gnu-tools-for-stm32.12.3.rel1.win32_1.1.0.202410251130/tools/bin/../lib/gcc/arm-none-eabi/12.3.1/../../../../arm-none-eabi/lib/thumb/v7e-m+fp/hard\libc_nano.a(libc_a-lock.o)
                0x0800700a                __retarget_lock_release_recursive
 .text.memcpy   0x0800700c       0x1c C:/ST/STM32CubeIDE_1.17.0/STM32CubeIDE/plugins/com.st.stm32cube.ide.mcu.externaltools.gnu-tools-for-stm32.12.3.rel1.win32_1.1.0.202410251130/tools/bin/../lib/gcc/arm-none-eabi/12.3.1/../../../../arm-none-eabi/lib/thumb/v7e-m+fp/hard\libc_nano.a(libc_a-memcpy-stub.o)
                0x0800700c                memcpy
 .text._free_r  0x08007028       0x94 C:/ST/STM32CubeIDE_1.17.0/STM32CubeIDE/plugins/com.st.stm32cube.ide.mcu.externaltools.gnu-tools-for-stm32.12.3.rel1.win32_1.1.0.202410251130/tools/bin/../lib/gcc/arm-none-eabi/12.3.1/../../../../arm-none-eabi/lib/thumb/v7e-m+fp/hard\libc_nano.a(libc_a-freer.o)
                0x08007028                _free_r
 .text.__malloc_lock
                0x080070bc        0xc C:/ST/STM32CubeIDE_1.17.0/STM32CubeIDE/plugins/com.st.stm32cube.ide.mcu.externaltools.gnu-tools-for-stm32.12.3.rel1.win32_1.1.0.202410251130/tools/bin/../lib/gcc/arm-none-eabi/12.3.1/../../../../arm-none-eabi/lib/thumb/v7e-m+fp/hard\libc_nano.a(libc_a-mlock.o)
                0x080070bc                __malloc_lock
 .text.__malloc_unlock
                0x080070c8        0xc C:/ST/STM32CubeIDE_1.17.0/STM32CubeIDE/plugins/com.st.stm32cube.ide.mcu.externaltools.gnu-tools-for-stm32.12.3.rel1.win32_1.1.0.202410251130/tools/bin/../lib/gcc/arm-none-eabi/12.3.1/../../../../arm-none-eabi/lib/thumb/v7e-m+fp/hard\libc_nano.a(libc_a-mlock.o)
                0x080070c8                __malloc_unlock
 *(.glue_7)
 .glue_7        0x080070d4        0x0 linker stubs
 *(.glue_7t)
 .glue_7t       0x080070d4        0x0 linker stubs
 *(.eh_frame)
 .eh_frame      0x080070d4        0x0 C:/ST/STM32CubeIDE_1.17.0/STM32CubeIDE/plugins/com.st.stm32cube.ide.mcu.externaltools.gnu-tools-for-stm32.12.3.rel1.win32_1.1.0.202410251130/tools/bin/../lib/gcc/arm-none-eabi/12.3.1/thumb/v7e-m+fp/hard/crtbegin.o
 *(.init)
 .init          0x080070d4        0x4 C:/ST/STM32CubeIDE_1.17.0/STM32CubeIDE/plugins/com.st.stm32cube.ide.mcu.externaltools.gnu-tools-for-stm32.12.3.rel1.win32_1.1.0.202410251130/tools/bin/../lib/gcc/arm-none-eabi/12.3.1/thumb/v7e-m+fp/hard/crti.o
                0x080070d4                _init
 .init          0x080070d8        0x8 C:/ST/STM32CubeIDE_1.17.0/STM32CubeIDE/plugins/com.st.stm32cube.ide.mcu.externaltools.gnu-tools-for-stm32.12.3.rel1.win32_1.1.0.202410251130/tools/bin/../lib/gcc/arm-none-eabi/12.3.1/thumb/v7e-m+fp/hard/crtn.o
 *(.fini)
 .fini          0x080070e0        0x4 C:/ST/STM32CubeIDE_1.17.0/STM32CubeIDE/plugins/com.st.stm32cube.ide.mcu.externaltools.gnu-tools-for-stm32.12.3.rel1.win32_1.1.0.202410251130/tools/bin/../lib/gcc/arm-none-eabi/12.3.1/thumb/v7e-m+fp/hard/crti.o
                0x080070e0                _fini
 .fini          0x080070e4        0x8 C:/ST/STM32CubeIDE_1.17.0/STM32CubeIDE/plugins/com.st.stm32cube.ide.mcu.externaltools.gnu-tools-for-stm32.12.3.rel1.win32_1.1.0.202410251130/tools/bin/../lib/gcc/arm-none-eabi/12.3.1/thumb/v7e-m+fp/hard/crtn.o
                0x080070ec                        . = ALIGN (0x4)
                0x080070ec                        _etext = .

.vfp11_veneer   0x080070ec        0x0
 .vfp11_veneer  0x080070ec        0x0 linker stubs

.v4_bx          0x080070ec        0x0
 .v4_bx         0x080070ec        0x0 linker stubs

.iplt           0x080070ec        0x0
 .iplt          0x080070ec        0x0 C:/ST/STM32CubeIDE_1.17.0/STM32CubeIDE/plugins/com.st.stm32cube.ide.mcu.externaltools.gnu-tools-for-stm32.12.3.rel1.win32_1.1.0.202410251130/tools/bin/../lib/gcc/arm-none-eabi/12.3.1/thumb/v7e-m+fp/hard/crtbegin.o

.rodata         0x080070ec      0x358
                0x080070ec                        . = ALIGN (0x4)
 *(.rodata)
 .rodata        0x080070ec      0x10c ./Core/Src/freertos.o
 .rodata        0x080071f8       0x30 ./Middlewares/FreeRTOS/tasks.o
 .rodata        0x08007228        0xd ./Middlewares/FreeRTOS/timers.o
 *(.rodata*)
 *fill*         0x08007235        0x3 
 .rodata.defaultTask_attributes
                0x08007238       0x24 ./Core/Src/freertos.o
                0x08007238                defaultTask_attributes
 .rodata.JoyStick_Task_attributes
                0x0800725c       0x24 ./Core/Src/freertos.o
                0x0800725c                JoyStick_Task_attributes
 .rodata.LED_HUD_Task_attributes
                0x08007280       0x24 ./Core/Src/freertos.o
                0x08007280                LED_HUD_Task_attributes
 .rodata.Rotary_Switch_attributes
                0x080072a4       0x24 ./Core/Src/freertos.o
                0x080072a4                Rotary_Switch_attributes
 .rodata.Button_Task_attributes
                0x080072c8       0x24 ./Core/Src/freertos.o
                0x080072c8                Button_Task_attributes
 .rodata.RS485_Task_attributes
                0x080072ec       0x24 ./Core/Src/freertos.o
                0x080072ec                RS485_Task_attributes
 .rodata.debug_LED_Task_attributes
                0x08007310       0x24 ./Core/Src/freertos.o
                0x08007310                debug_LED_Task_attributes
 .rodata.EXP_1_Task_attributes
                0x08007334       0x24 ./Core/Src/freertos.o
                0x08007334                EXP_1_Task_attributes
 .rodata.EXP_2_Task_attributes
                0x08007358       0x24 ./Core/Src/freertos.o
                0x08007358                EXP_2_Task_attributes
 .rodata.myTimer01_attributes
                0x0800737c       0x10 ./Core/Src/freertos.o
                0x0800737c                myTimer01_attributes
 .rodata.myTimer02_attributes
                0x0800738c       0x10 ./Core/Src/freertos.o
                0x0800738c                myTimer02_attributes
 .rodata.myTimer03_attributes
                0x0800739c       0x10 ./Core/Src/freertos.o
                0x0800739c                myTimer03_attributes
 .rodata.USART2_Sem01_attributes
                0x080073ac       0x10 ./Core/Src/freertos.o
                0x080073ac                USART2_Sem01_attributes
 .rodata.ADC_Sem02_attributes
                0x080073bc       0x10 ./Core/Src/freertos.o
                0x080073bc                ADC_Sem02_attributes
 .rodata.UART5_Sem03_attributes
                0x080073cc       0x10 ./Core/Src/freertos.o
                0x080073cc                UART5_Sem03_attributes
 .rodata.USART1_Sem04_attributes
                0x080073dc       0x10 ./Core/Src/freertos.o
                0x080073dc                USART1_Sem04_attributes
 .rodata.SPI1_Sem05_attributes
                0x080073ec       0x10 ./Core/Src/freertos.o
                0x080073ec                SPI1_Sem05_attributes
 .rodata.I2C1_Sem06_attributes
                0x080073fc       0x10 ./Core/Src/freertos.o
                0x080073fc                I2C1_Sem06_attributes
 .rodata.GPIO_Sem07_attributes
                0x0800740c       0x10 ./Core/Src/freertos.o
                0x0800740c                GPIO_Sem07_attributes
 .rodata.myCountingSem01_attributes
                0x0800741c       0x10 ./Core/Src/freertos.o
                0x0800741c                myCountingSem01_attributes
 .rodata.AHBPrescTable
                0x0800742c       0x10 ./Core/Src/system_stm32f4xx.o
                0x0800742c                AHBPrescTable
 .rodata.APBPrescTable
                0x0800743c        0x8 ./Core/Src/system_stm32f4xx.o
                0x0800743c                APBPrescTable
                0x08007444                        . = ALIGN (0x4)

.ARM.extab      0x08007444        0x0
                0x08007444                        . = ALIGN (0x4)
 *(.ARM.extab* .gnu.linkonce.armextab.*)
                0x08007444                        . = ALIGN (0x4)

.ARM            0x08007444        0x8
                0x08007444                        . = ALIGN (0x4)
                0x08007444                        __exidx_start = .
 *(.ARM.exidx*)
 .ARM.exidx     0x08007444        0x8 C:/ST/STM32CubeIDE_1.17.0/STM32CubeIDE/plugins/com.st.stm32cube.ide.mcu.externaltools.gnu-tools-for-stm32.12.3.rel1.win32_1.1.0.202410251130/tools/bin/../lib/gcc/arm-none-eabi/12.3.1/thumb/v7e-m+fp/hard\libgcc.a(_udivmoddi4.o)
                0x0800744c                        __exidx_end = .
                0x0800744c                        . = ALIGN (0x4)

.preinit_array  0x0800744c        0x0
                0x0800744c                        . = ALIGN (0x4)
                0x0800744c                        PROVIDE (__preinit_array_start = .)
 *(.preinit_array*)
                0x0800744c                        PROVIDE (__preinit_array_end = .)
                0x0800744c                        . = ALIGN (0x4)

.init_array     0x0800744c        0x4
                0x0800744c                        . = ALIGN (0x4)
                0x0800744c                        PROVIDE (__init_array_start = .)
 *(SORT_BY_NAME(.init_array.*))
 *(.init_array*)
 .init_array    0x0800744c        0x4 C:/ST/STM32CubeIDE_1.17.0/STM32CubeIDE/plugins/com.st.stm32cube.ide.mcu.externaltools.gnu-tools-for-stm32.12.3.rel1.win32_1.1.0.202410251130/tools/bin/../lib/gcc/arm-none-eabi/12.3.1/thumb/v7e-m+fp/hard/crtbegin.o
                0x08007450                        PROVIDE (__init_array_end = .)
                0x08007450                        . = ALIGN (0x4)

.fini_array     0x08007450        0x4
                0x08007450                        . = ALIGN (0x4)
                [!provide]                        PROVIDE (__fini_array_start = .)
 *(SORT_BY_NAME(.fini_array.*))
 *(.fini_array*)
 .fini_array    0x08007450        0x4 C:/ST/STM32CubeIDE_1.17.0/STM32CubeIDE/plugins/com.st.stm32cube.ide.mcu.externaltools.gnu-tools-for-stm32.12.3.rel1.win32_1.1.0.202410251130/tools/bin/../lib/gcc/arm-none-eabi/12.3.1/thumb/v7e-m+fp/hard/crtbegin.o
                [!provide]                        PROVIDE (__fini_array_end = .)
                0x08007454                        . = ALIGN (0x4)
                0x08007454                        _sidata = LOADADDR (.data)

.rel.dyn        0x08007454        0x0
 .rel.iplt      0x08007454        0x0 C:/ST/STM32CubeIDE_1.17.0/STM32CubeIDE/plugins/com.st.stm32cube.ide.mcu.externaltools.gnu-tools-for-stm32.12.3.rel1.win32_1.1.0.202410251130/tools/bin/../lib/gcc/arm-none-eabi/12.3.1/thumb/v7e-m+fp/hard/crtbegin.o

.data           0x20000000       0x60 load address 0x08007454
                0x20000000                        . = ALIGN (0x4)
                0x20000000                        _sdata = .
 *(.data)
 *(.data*)
 .data.SystemCoreClock
                0x20000000        0x4 ./Core/Src/system_stm32f4xx.o
                0x20000000                SystemCoreClock
 .data.uwTickPrio
                0x20000004        0x4 ./Drivers/STM32F4xx_HAL_Driver/stm32f4xx_hal.o
                0x20000004                uwTickPrio
 .data.uwTickFreq
                0x20000008        0x1 ./Drivers/STM32F4xx_HAL_Driver/stm32f4xx_hal.o
                0x20000008                uwTickFreq
 *fill*         0x20000009        0x3 
 .data.uxCriticalNesting
                0x2000000c        0x4 ./Middlewares/FreeRTOS/port.o
 .data._impure_ptr
                0x20000010        0x4 C:/ST/STM32CubeIDE_1.17.0/STM32CubeIDE/plugins/com.st.stm32cube.ide.mcu.externaltools.gnu-tools-for-stm32.12.3.rel1.win32_1.1.0.202410251130/tools/bin/../lib/gcc/arm-none-eabi/12.3.1/../../../../arm-none-eabi/lib/thumb/v7e-m+fp/hard\libc_nano.a(libc_a-impure.o)
                0x20000010                _impure_ptr
 .data._impure_data
                0x20000014       0x4c C:/ST/STM32CubeIDE_1.17.0/STM32CubeIDE/plugins/com.st.stm32cube.ide.mcu.externaltools.gnu-tools-for-stm32.12.3.rel1.win32_1.1.0.202410251130/tools/bin/../lib/gcc/arm-none-eabi/12.3.1/../../../../arm-none-eabi/lib/thumb/v7e-m+fp/hard\libc_nano.a(libc_a-impure.o)
                0x20000014                _impure_data
 *(.RamFunc)
 *(.RamFunc*)
                0x20000060                        . = ALIGN (0x4)
                0x20000060                        _edata = .

.igot.plt       0x20000060        0x0 load address 0x080074b4
 .igot.plt      0x20000060        0x0 C:/ST/STM32CubeIDE_1.17.0/STM32CubeIDE/plugins/com.st.stm32cube.ide.mcu.externaltools.gnu-tools-for-stm32.12.3.rel1.win32_1.1.0.202410251130/tools/bin/../lib/gcc/arm-none-eabi/12.3.1/thumb/v7e-m+fp/hard/crtbegin.o
                0x20000060                        . = ALIGN (0x4)

.bss            0x20000060     0x4dbc load address 0x080074b4
                0x20000060                        _sbss = .
                0x20000060                        __bss_start__ = _sbss
 *(.bss)
 .bss           0x20000060       0x1c C:/ST/STM32CubeIDE_1.17.0/STM32CubeIDE/plugins/com.st.stm32cube.ide.mcu.externaltools.gnu-tools-for-stm32.12.3.rel1.win32_1.1.0.202410251130/tools/bin/../lib/gcc/arm-none-eabi/12.3.1/thumb/v7e-m+fp/hard/crtbegin.o
 *(.bss*)
 .bss.hadc1     0x2000007c       0x48 ./Core/Src/adc.o
                0x2000007c                hadc1
 .bss.hfmpi2c1  0x200000c4       0x54 ./Core/Src/fmpi2c.o
                0x200000c4                hfmpi2c1
 .bss.defaultTaskHandle
                0x20000118        0x4 ./Core/Src/freertos.o
                0x20000118                defaultTaskHandle
 .bss.JoyStick_TaskHandle
                0x2000011c        0x4 ./Core/Src/freertos.o
                0x2000011c                JoyStick_TaskHandle
 .bss.LED_HUD_TaskHandle
                0x20000120        0x4 ./Core/Src/freertos.o
                0x20000120                LED_HUD_TaskHandle
 .bss.Rotary_SwitchHandle
                0x20000124        0x4 ./Core/Src/freertos.o
                0x20000124                Rotary_SwitchHandle
 .bss.Button_TaskHandle
                0x20000128        0x4 ./Core/Src/freertos.o
                0x20000128                Button_TaskHandle
 .bss.RS485_TaskHandle
                0x2000012c        0x4 ./Core/Src/freertos.o
                0x2000012c                RS485_TaskHandle
 .bss.debug_LED_TaskHandle
                0x20000130        0x4 ./Core/Src/freertos.o
                0x20000130                debug_LED_TaskHandle
 .bss.EXP_1_TaskHandle
                0x20000134        0x4 ./Core/Src/freertos.o
                0x20000134                EXP_1_TaskHandle
 .bss.EXP_2_TaskHandle
                0x20000138        0x4 ./Core/Src/freertos.o
                0x20000138                EXP_2_TaskHandle
 .bss.myTimer01Handle
                0x2000013c        0x4 ./Core/Src/freertos.o
                0x2000013c                myTimer01Handle
 .bss.myTimer02Handle
                0x20000140        0x4 ./Core/Src/freertos.o
                0x20000140                myTimer02Handle
 .bss.myTimer03Handle
                0x20000144        0x4 ./Core/Src/freertos.o
                0x20000144                myTimer03Handle
 .bss.USART2_Sem01Handle
                0x20000148        0x4 ./Core/Src/freertos.o
                0x20000148                USART2_Sem01Handle
 .bss.ADC_Sem02Handle
                0x2000014c        0x4 ./Core/Src/freertos.o
                0x2000014c                ADC_Sem02Handle
 .bss.UART5_Sem03Handle
                0x20000150        0x4 ./Core/Src/freertos.o
                0x20000150                UART5_Sem03Handle
 .bss.USART1_Sem04Handle
                0x20000154        0x4 ./Core/Src/freertos.o
                0x20000154                USART1_Sem04Handle
 .bss.SPI1_Sem05Handle
                0x20000158        0x4 ./Core/Src/freertos.o
                0x20000158                SPI1_Sem05Handle
 .bss.I2C1_Sem06Handle
                0x2000015c        0x4 ./Core/Src/freertos.o
                0x2000015c                I2C1_Sem06Handle
 .bss.GPIO_Sem07Handle
                0x20000160        0x4 ./Core/Src/freertos.o
                0x20000160                GPIO_Sem07Handle
 .bss.myCountingSem01Handle
                0x20000164        0x4 ./Core/Src/freertos.o
                0x20000164                myCountingSem01Handle
 .bss.hspi1     0x20000168       0x58 ./Core/Src/spi.o
                0x20000168                hspi1
 .bss.htim1     0x200001c0       0x48 ./Core/Src/stm32f4xx_hal_timebase_tim.o
                0x200001c0                htim1
 .bss.huart5    0x20000208       0x48 ./Core/Src/usart.o
                0x20000208                huart5
 .bss.huart1    0x20000250       0x48 ./Core/Src/usart.o
                0x20000250                huart1
 .bss.huart2    0x20000298       0x48 ./Core/Src/usart.o
                0x20000298                huart2
 .bss.uwTick    0x200002e0        0x4 ./Drivers/STM32F4xx_HAL_Driver/stm32f4xx_hal.o
                0x200002e0                uwTick
 .bss.KernelState
                0x200002e4        0x4 ./Middlewares/FreeRTOS/cmsis_os2.o
 .bss.Idle_TCB.3
                0x200002e8       0xac ./Middlewares/FreeRTOS/cmsis_os2.o
 .bss.Idle_Stack.2
                0x20000394      0x200 ./Middlewares/FreeRTOS/cmsis_os2.o
 .bss.Timer_TCB.1
                0x20000594       0xac ./Middlewares/FreeRTOS/cmsis_os2.o
 .bss.Timer_Stack.0
                0x20000640      0x400 ./Middlewares/FreeRTOS/cmsis_os2.o
 .bss.ucHeap    0x20000a40     0x3c00 ./Middlewares/FreeRTOS/heap_4.o
 .bss.xStart    0x20004640        0x8 ./Middlewares/FreeRTOS/heap_4.o
 .bss.pxEnd     0x20004648        0x4 ./Middlewares/FreeRTOS/heap_4.o
 .bss.xFreeBytesRemaining
                0x2000464c        0x4 ./Middlewares/FreeRTOS/heap_4.o
 .bss.xMinimumEverFreeBytesRemaining
                0x20004650        0x4 ./Middlewares/FreeRTOS/heap_4.o
 .bss.xNumberOfSuccessfulAllocations
                0x20004654        0x4 ./Middlewares/FreeRTOS/heap_4.o
 .bss.xNumberOfSuccessfulFrees
                0x20004658        0x4 ./Middlewares/FreeRTOS/heap_4.o
 .bss.xBlockAllocatedBit
                0x2000465c        0x4 ./Middlewares/FreeRTOS/heap_4.o
 .bss.ucMaxSysCallPriority
                0x20004660        0x1 ./Middlewares/FreeRTOS/port.o
 *fill*         0x20004661        0x3 
 .bss.ulMaxPRIGROUPValue
                0x20004664        0x4 ./Middlewares/FreeRTOS/port.o
 .bss.xQueueRegistry
                0x20004668       0x40 ./Middlewares/FreeRTOS/queue.o
                0x20004668                xQueueRegistry
 .bss.pxCurrentTCB
                0x200046a8        0x4 ./Middlewares/FreeRTOS/tasks.o
                0x200046a8                pxCurrentTCB
 .bss.pxReadyTasksLists
                0x200046ac      0x460 ./Middlewares/FreeRTOS/tasks.o
 .bss.xDelayedTaskList1
                0x20004b0c       0x14 ./Middlewares/FreeRTOS/tasks.o
 .bss.xDelayedTaskList2
                0x20004b20       0x14 ./Middlewares/FreeRTOS/tasks.o
 .bss.pxDelayedTaskList
                0x20004b34        0x4 ./Middlewares/FreeRTOS/tasks.o
 .bss.pxOverflowDelayedTaskList
                0x20004b38        0x4 ./Middlewares/FreeRTOS/tasks.o
 .bss.xPendingReadyList
                0x20004b3c       0x14 ./Middlewares/FreeRTOS/tasks.o
 .bss.xTasksWaitingTermination
                0x20004b50       0x14 ./Middlewares/FreeRTOS/tasks.o
 .bss.uxDeletedTasksWaitingCleanUp
                0x20004b64        0x4 ./Middlewares/FreeRTOS/tasks.o
 .bss.xSuspendedTaskList
                0x20004b68       0x14 ./Middlewares/FreeRTOS/tasks.o
 .bss.uxCurrentNumberOfTasks
                0x20004b7c        0x4 ./Middlewares/FreeRTOS/tasks.o
 .bss.xTickCount
                0x20004b80        0x4 ./Middlewares/FreeRTOS/tasks.o
 .bss.uxTopReadyPriority
                0x20004b84        0x4 ./Middlewares/FreeRTOS/tasks.o
 .bss.xSchedulerRunning
                0x20004b88        0x4 ./Middlewares/FreeRTOS/tasks.o
 .bss.xPendedTicks
                0x20004b8c        0x4 ./Middlewares/FreeRTOS/tasks.o
 .bss.xYieldPending
                0x20004b90        0x4 ./Middlewares/FreeRTOS/tasks.o
 .bss.xNumOfOverflows
                0x20004b94        0x4 ./Middlewares/FreeRTOS/tasks.o
 .bss.uxTaskNumber
                0x20004b98        0x4 ./Middlewares/FreeRTOS/tasks.o
 .bss.xNextTaskUnblockTime
                0x20004b9c        0x4 ./Middlewares/FreeRTOS/tasks.o
 .bss.xIdleTaskHandle
                0x20004ba0        0x4 ./Middlewares/FreeRTOS/tasks.o
 .bss.uxSchedulerSuspended
                0x20004ba4        0x4 ./Middlewares/FreeRTOS/tasks.o
 .bss.ulTaskSwitchedInTime
                0x20004ba8        0x4 ./Middlewares/FreeRTOS/tasks.o
 .bss.ulTotalRunTime
                0x20004bac        0x4 ./Middlewares/FreeRTOS/tasks.o
 .bss.xActiveTimerList1
                0x20004bb0       0x14 ./Middlewares/FreeRTOS/timers.o
 .bss.xActiveTimerList2
                0x20004bc4       0x14 ./Middlewares/FreeRTOS/timers.o
 .bss.pxCurrentTimerList
                0x20004bd8        0x4 ./Middlewares/FreeRTOS/timers.o
 .bss.pxOverflowTimerList
                0x20004bdc        0x4 ./Middlewares/FreeRTOS/timers.o
 .bss.xTimerQueue
                0x20004be0        0x4 ./Middlewares/FreeRTOS/timers.o
 .bss.xTimerTaskHandle
                0x20004be4        0x4 ./Middlewares/FreeRTOS/timers.o
 .bss.xLastTime.2
                0x20004be8        0x4 ./Middlewares/FreeRTOS/timers.o
 .bss.ucStaticTimerQueueStorage.1
                0x20004bec       0xa0 ./Middlewares/FreeRTOS/timers.o
 .bss.xStaticTimerQueue.0
                0x20004c8c       0x50 ./Middlewares/FreeRTOS/timers.o
 .bss.__sf      0x20004cdc      0x138 C:/ST/STM32CubeIDE_1.17.0/STM32CubeIDE/plugins/com.st.stm32cube.ide.mcu.externaltools.gnu-tools-for-stm32.12.3.rel1.win32_1.1.0.202410251130/tools/bin/../lib/gcc/arm-none-eabi/12.3.1/../../../../arm-none-eabi/lib/thumb/v7e-m+fp/hard\libc_nano.a(libc_a-findfp.o)
                0x20004cdc                __sf
 .bss.__lock___malloc_recursive_mutex
                0x20004e14        0x1 C:/ST/STM32CubeIDE_1.17.0/STM32CubeIDE/plugins/com.st.stm32cube.ide.mcu.externaltools.gnu-tools-for-stm32.12.3.rel1.win32_1.1.0.202410251130/tools/bin/../lib/gcc/arm-none-eabi/12.3.1/../../../../arm-none-eabi/lib/thumb/v7e-m+fp/hard\libc_nano.a(libc_a-lock.o)
                0x20004e14                __lock___malloc_recursive_mutex
 *fill*         0x20004e15        0x3 
 .bss.__malloc_free_list
                0x20004e18        0x4 C:/ST/STM32CubeIDE_1.17.0/STM32CubeIDE/plugins/com.st.stm32cube.ide.mcu.externaltools.gnu-tools-for-stm32.12.3.rel1.win32_1.1.0.202410251130/tools/bin/../lib/gcc/arm-none-eabi/12.3.1/../../../../arm-none-eabi/lib/thumb/v7e-m+fp/hard\libc_nano.a(libc_a-mallocr.o)
                0x20004e18                __malloc_free_list
 *(COMMON)
                0x20004e1c                        . = ALIGN (0x4)
                0x20004e1c                        _ebss = .
                0x20004e1c                        __bss_end__ = _ebss

._user_heap_stack
                0x20004e1c      0x604 load address 0x080074b4
                0x20004e20                        . = ALIGN (0x8)
 *fill*         0x20004e1c        0x4 
                [!provide]                        PROVIDE (end = .)
                0x20004e20                        PROVIDE (_end = .)
                0x20005020                        . = (. + _Min_Heap_Size)
 *fill*         0x20004e20      0x200 
                0x20005420                        . = (. + _Min_Stack_Size)
 *fill*         0x20005020      0x400 
                0x20005420                        . = ALIGN (0x8)

/DISCARD/
 libc.a(*)
 libm.a(*)
 libgcc.a(*)

.ARM.attributes
                0x00000000       0x30
 *(.ARM.attributes)
 .ARM.attributes
                0x00000000       0x22 C:/ST/STM32CubeIDE_1.17.0/STM32CubeIDE/plugins/com.st.stm32cube.ide.mcu.externaltools.gnu-tools-for-stm32.12.3.rel1.win32_1.1.0.202410251130/tools/bin/../lib/gcc/arm-none-eabi/12.3.1/thumb/v7e-m+fp/hard/crti.o
 .ARM.attributes
                0x00000022       0x34 C:/ST/STM32CubeIDE_1.17.0/STM32CubeIDE/plugins/com.st.stm32cube.ide.mcu.externaltools.gnu-tools-for-stm32.12.3.rel1.win32_1.1.0.202410251130/tools/bin/../lib/gcc/arm-none-eabi/12.3.1/thumb/v7e-m+fp/hard/crtbegin.o
 .ARM.attributes
                0x00000056       0x34 ./Core/Src/adc.o
 .ARM.attributes
                0x0000008a       0x34 ./Core/Src/fmpi2c.o
 .ARM.attributes
                0x000000be       0x34 ./Core/Src/freertos.o
 .ARM.attributes
                0x000000f2       0x34 ./Core/Src/gpio.o
 .ARM.attributes
                0x00000126       0x34 ./Core/Src/main.o
 .ARM.attributes
                0x0000015a       0x34 ./Core/Src/spi.o
 .ARM.attributes
                0x0000018e       0x34 ./Core/Src/stm32f4xx_hal_msp.o
 .ARM.attributes
                0x000001c2       0x34 ./Core/Src/stm32f4xx_hal_timebase_tim.o
 .ARM.attributes
                0x000001f6       0x34 ./Core/Src/stm32f4xx_it.o
 .ARM.attributes
                0x0000022a       0x34 ./Core/Src/system_stm32f4xx.o
 .ARM.attributes
                0x0000025e       0x34 ./Core/Src/usart.o
 .ARM.attributes
                0x00000292       0x21 ./Core/Startup/startup_stm32f446vetx.o
 .ARM.attributes
                0x000002b3       0x34 ./Drivers/STM32F4xx_HAL_Driver/stm32f4xx_hal.o
 .ARM.attributes
                0x000002e7       0x34 ./Drivers/STM32F4xx_HAL_Driver/stm32f4xx_hal_adc.o
 .ARM.attributes
                0x0000031b       0x34 ./Drivers/STM32F4xx_HAL_Driver/stm32f4xx_hal_cortex.o
 .ARM.attributes
                0x0000034f       0x34 ./Drivers/STM32F4xx_HAL_Driver/stm32f4xx_hal_fmpi2c.o
 .ARM.attributes
                0x00000383       0x34 ./Drivers/STM32F4xx_HAL_Driver/stm32f4xx_hal_fmpi2c_ex.o
 .ARM.attributes
                0x000003b7       0x34 ./Drivers/STM32F4xx_HAL_Driver/stm32f4xx_hal_gpio.o
 .ARM.attributes
                0x000003eb       0x34 ./Drivers/STM32F4xx_HAL_Driver/stm32f4xx_hal_rcc.o
 .ARM.attributes
                0x0000041f       0x34 ./Drivers/STM32F4xx_HAL_Driver/stm32f4xx_hal_rcc_ex.o
 .ARM.attributes
                0x00000453       0x34 ./Drivers/STM32F4xx_HAL_Driver/stm32f4xx_hal_spi.o
 .ARM.attributes
                0x00000487       0x34 ./Drivers/STM32F4xx_HAL_Driver/stm32f4xx_hal_tim.o
 .ARM.attributes
                0x000004bb       0x34 ./Drivers/STM32F4xx_HAL_Driver/stm32f4xx_hal_tim_ex.o
 .ARM.attributes
                0x000004ef       0x34 ./Drivers/STM32F4xx_HAL_Driver/stm32f4xx_hal_uart.o
 .ARM.attributes
                0x00000523       0x34 ./Middlewares/FreeRTOS/cmsis_os2.o
 .ARM.attributes
                0x00000557       0x34 ./Middlewares/FreeRTOS/heap_4.o
 .ARM.attributes
                0x0000058b       0x34 ./Middlewares/FreeRTOS/list.o
 .ARM.attributes
                0x000005bf       0x34 ./Middlewares/FreeRTOS/port.o
 .ARM.attributes
                0x000005f3       0x34 ./Middlewares/FreeRTOS/queue.o
 .ARM.attributes
                0x00000627       0x34 ./Middlewares/FreeRTOS/tasks.o
 .ARM.attributes
                0x0000065b       0x34 ./Middlewares/FreeRTOS/timers.o
 .ARM.attributes
                0x0000068f       0x34 C:/ST/STM32CubeIDE_1.17.0/STM32CubeIDE/plugins/com.st.stm32cube.ide.mcu.externaltools.gnu-tools-for-stm32.12.3.rel1.win32_1.1.0.202410251130/tools/bin/../lib/gcc/arm-none-eabi/12.3.1/../../../../arm-none-eabi/lib/thumb/v7e-m+fp/hard\libc_nano.a(libc_a-findfp.o)
 .ARM.attributes
                0x000006c3       0x34 C:/ST/STM32CubeIDE_1.17.0/STM32CubeIDE/plugins/com.st.stm32cube.ide.mcu.externaltools.gnu-tools-for-stm32.12.3.rel1.win32_1.1.0.202410251130/tools/bin/../lib/gcc/arm-none-eabi/12.3.1/../../../../arm-none-eabi/lib/thumb/v7e-m+fp/hard\libc_nano.a(libc_a-memset.o)
 .ARM.attributes
                0x000006f7       0x34 C:/ST/STM32CubeIDE_1.17.0/STM32CubeIDE/plugins/com.st.stm32cube.ide.mcu.externaltools.gnu-tools-for-stm32.12.3.rel1.win32_1.1.0.202410251130/tools/bin/../lib/gcc/arm-none-eabi/12.3.1/../../../../arm-none-eabi/lib/thumb/v7e-m+fp/hard\libc_nano.a(libc_a-reent.o)
 .ARM.attributes
                0x0000072b       0x34 C:/ST/STM32CubeIDE_1.17.0/STM32CubeIDE/plugins/com.st.stm32cube.ide.mcu.externaltools.gnu-tools-for-stm32.12.3.rel1.win32_1.1.0.202410251130/tools/bin/../lib/gcc/arm-none-eabi/12.3.1/../../../../arm-none-eabi/lib/thumb/v7e-m+fp/hard\libc_nano.a(libc_a-impure.o)
 .ARM.attributes
                0x0000075f       0x34 C:/ST/STM32CubeIDE_1.17.0/STM32CubeIDE/plugins/com.st.stm32cube.ide.mcu.externaltools.gnu-tools-for-stm32.12.3.rel1.win32_1.1.0.202410251130/tools/bin/../lib/gcc/arm-none-eabi/12.3.1/../../../../arm-none-eabi/lib/thumb/v7e-m+fp/hard\libc_nano.a(libc_a-init.o)
 .ARM.attributes
                0x00000793       0x34 C:/ST/STM32CubeIDE_1.17.0/STM32CubeIDE/plugins/com.st.stm32cube.ide.mcu.externaltools.gnu-tools-for-stm32.12.3.rel1.win32_1.1.0.202410251130/tools/bin/../lib/gcc/arm-none-eabi/12.3.1/../../../../arm-none-eabi/lib/thumb/v7e-m+fp/hard\libc_nano.a(libc_a-lock.o)
 .ARM.attributes
                0x000007c7       0x34 C:/ST/STM32CubeIDE_1.17.0/STM32CubeIDE/plugins/com.st.stm32cube.ide.mcu.externaltools.gnu-tools-for-stm32.12.3.rel1.win32_1.1.0.202410251130/tools/bin/../lib/gcc/arm-none-eabi/12.3.1/../../../../arm-none-eabi/lib/thumb/v7e-m+fp/hard\libc_nano.a(libc_a-memcpy-stub.o)
 .ARM.attributes
                0x000007fb       0x34 C:/ST/STM32CubeIDE_1.17.0/STM32CubeIDE/plugins/com.st.stm32cube.ide.mcu.externaltools.gnu-tools-for-stm32.12.3.rel1.win32_1.1.0.202410251130/tools/bin/../lib/gcc/arm-none-eabi/12.3.1/../../../../arm-none-eabi/lib/thumb/v7e-m+fp/hard\libc_nano.a(libc_a-freer.o)
 .ARM.attributes
                0x0000082f       0x34 C:/ST/STM32CubeIDE_1.17.0/STM32CubeIDE/plugins/com.st.stm32cube.ide.mcu.externaltools.gnu-tools-for-stm32.12.3.rel1.win32_1.1.0.202410251130/tools/bin/../lib/gcc/arm-none-eabi/12.3.1/../../../../arm-none-eabi/lib/thumb/v7e-m+fp/hard\libc_nano.a(libc_a-mallocr.o)
 .ARM.attributes
                0x00000863       0x34 C:/ST/STM32CubeIDE_1.17.0/STM32CubeIDE/plugins/com.st.stm32cube.ide.mcu.externaltools.gnu-tools-for-stm32.12.3.rel1.win32_1.1.0.202410251130/tools/bin/../lib/gcc/arm-none-eabi/12.3.1/../../../../arm-none-eabi/lib/thumb/v7e-m+fp/hard\libc_nano.a(libc_a-mlock.o)
 .ARM.attributes
                0x00000897       0x22 C:/ST/STM32CubeIDE_1.17.0/STM32CubeIDE/plugins/com.st.stm32cube.ide.mcu.externaltools.gnu-tools-for-stm32.12.3.rel1.win32_1.1.0.202410251130/tools/bin/../lib/gcc/arm-none-eabi/12.3.1/thumb/v7e-m+fp/hard\libgcc.a(_aeabi_uldivmod.o)
 .ARM.attributes
                0x000008b9       0x34 C:/ST/STM32CubeIDE_1.17.0/STM32CubeIDE/plugins/com.st.stm32cube.ide.mcu.externaltools.gnu-tools-for-stm32.12.3.rel1.win32_1.1.0.202410251130/tools/bin/../lib/gcc/arm-none-eabi/12.3.1/thumb/v7e-m+fp/hard\libgcc.a(_udivmoddi4.o)
 .ARM.attributes
                0x000008ed       0x22 C:/ST/STM32CubeIDE_1.17.0/STM32CubeIDE/plugins/com.st.stm32cube.ide.mcu.externaltools.gnu-tools-for-stm32.12.3.rel1.win32_1.1.0.202410251130/tools/bin/../lib/gcc/arm-none-eabi/12.3.1/thumb/v7e-m+fp/hard\libgcc.a(_dvmd_tls.o)
 .ARM.attributes
                0x0000090f       0x22 C:/ST/STM32CubeIDE_1.17.0/STM32CubeIDE/plugins/com.st.stm32cube.ide.mcu.externaltools.gnu-tools-for-stm32.12.3.rel1.win32_1.1.0.202410251130/tools/bin/../lib/gcc/arm-none-eabi/12.3.1/thumb/v7e-m+fp/hard/crtn.o
OUTPUT(JoyStick_V2_FreeRTOS.elf elf32-littlearm)
LOAD linker stubs
LOAD C:/ST/STM32CubeIDE_1.17.0/STM32CubeIDE/plugins/com.st.stm32cube.ide.mcu.externaltools.gnu-tools-for-stm32.12.3.rel1.win32_1.1.0.202410251130/tools/bin/../lib/gcc/arm-none-eabi/12.3.1/../../../../arm-none-eabi/lib/thumb/v7e-m+fp/hard\libc.a
LOAD C:/ST/STM32CubeIDE_1.17.0/STM32CubeIDE/plugins/com.st.stm32cube.ide.mcu.externaltools.gnu-tools-for-stm32.12.3.rel1.win32_1.1.0.202410251130/tools/bin/../lib/gcc/arm-none-eabi/12.3.1/../../../../arm-none-eabi/lib/thumb/v7e-m+fp/hard\libm.a
LOAD C:/ST/STM32CubeIDE_1.17.0/STM32CubeIDE/plugins/com.st.stm32cube.ide.mcu.externaltools.gnu-tools-for-stm32.12.3.rel1.win32_1.1.0.202410251130/tools/bin/../lib/gcc/arm-none-eabi/12.3.1/thumb/v7e-m+fp/hard\libgcc.a

.debug_info     0x00000000    0x1f8f3
 .debug_info    0x00000000      0x9c5 ./Core/Src/adc.o
 .debug_info    0x000009c5      0xb96 ./Core/Src/fmpi2c.o
 .debug_info    0x0000155b      0x902 ./Core/Src/freertos.o
 .debug_info    0x00001e5d      0x471 ./Core/Src/gpio.o
 .debug_info    0x000022ce      0xb8b ./Core/Src/main.o
 .debug_info    0x00002e59      0x97d ./Core/Src/spi.o
 .debug_info    0x000037d6      0x505 ./Core/Src/stm32f4xx_hal_msp.o
 .debug_info    0x00003cdb      0xc36 ./Core/Src/stm32f4xx_hal_timebase_tim.o
 .debug_info    0x00004911      0x6ab ./Core/Src/stm32f4xx_it.o
 .debug_info    0x00004fbc      0x54a ./Core/Src/system_stm32f4xx.o
 .debug_info    0x00005506      0xa1f ./Core/Src/usart.o
 .debug_info    0x00005f25       0x30 ./Core/Startup/startup_stm32f446vetx.o
 .debug_info    0x00005f55      0x99a ./Drivers/STM32F4xx_HAL_Driver/stm32f4xx_hal.o
 .debug_info    0x000068ef      0xcd4 ./Drivers/STM32F4xx_HAL_Driver/stm32f4xx_hal_adc.o
 .debug_info    0x000075c3      0xdaa ./Drivers/STM32F4xx_HAL_Driver/stm32f4xx_hal_cortex.o
 .debug_info    0x0000836d     0x2127 ./Drivers/STM32F4xx_HAL_Driver/stm32f4xx_hal_fmpi2c.o
 .debug_info    0x0000a494      0x944 ./Drivers/STM32F4xx_HAL_Driver/stm32f4xx_hal_fmpi2c_ex.o
 .debug_info    0x0000add8      0x70b ./Drivers/STM32F4xx_HAL_Driver/stm32f4xx_hal_gpio.o
 .debug_info    0x0000b4e3      0x8eb ./Drivers/STM32F4xx_HAL_Driver/stm32f4xx_hal_rcc.o
 .debug_info    0x0000bdce      0x956 ./Drivers/STM32F4xx_HAL_Driver/stm32f4xx_hal_rcc_ex.o
 .debug_info    0x0000c724     0x1525 ./Drivers/STM32F4xx_HAL_Driver/stm32f4xx_hal_spi.o
 .debug_info    0x0000dc49     0x299d ./Drivers/STM32F4xx_HAL_Driver/stm32f4xx_hal_tim.o
 .debug_info    0x000105e6     0x14db ./Drivers/STM32F4xx_HAL_Driver/stm32f4xx_hal_tim_ex.o
 .debug_info    0x00011ac1     0x2f4f ./Drivers/STM32F4xx_HAL_Driver/stm32f4xx_hal_uart.o
 .debug_info    0x00014a10     0x4135 ./Middlewares/FreeRTOS/cmsis_os2.o
 .debug_info    0x00018b45      0x4d5 ./Middlewares/FreeRTOS/heap_4.o
 .debug_info    0x0001901a      0x2af ./Middlewares/FreeRTOS/list.o
 .debug_info    0x000192c9      0x4de ./Middlewares/FreeRTOS/port.o
 .debug_info    0x000197a7     0x1b79 ./Middlewares/FreeRTOS/queue.o
 .debug_info    0x0001b320     0x2a75 ./Middlewares/FreeRTOS/tasks.o
 .debug_info    0x0001dd95     0x1b5e ./Middlewares/FreeRTOS/timers.o

.debug_abbrev   0x00000000     0x4574
 .debug_abbrev  0x00000000      0x1f3 ./Core/Src/adc.o
 .debug_abbrev  0x000001f3      0x215 ./Core/Src/fmpi2c.o
 .debug_abbrev  0x00000408      0x1a1 ./Core/Src/freertos.o
 .debug_abbrev  0x000005a9      0x152 ./Core/Src/gpio.o
 .debug_abbrev  0x000006fb      0x246 ./Core/Src/main.o
 .debug_abbrev  0x00000941      0x1fa ./Core/Src/spi.o
 .debug_abbrev  0x00000b3b      0x119 ./Core/Src/stm32f4xx_hal_msp.o
 .debug_abbrev  0x00000c54      0x1f4 ./Core/Src/stm32f4xx_hal_timebase_tim.o
 .debug_abbrev  0x00000e48      0x17d ./Core/Src/stm32f4xx_it.o
 .debug_abbrev  0x00000fc5      0x11a ./Core/Src/system_stm32f4xx.o
 .debug_abbrev  0x000010df      0x1ff ./Core/Src/usart.o
 .debug_abbrev  0x000012de       0x24 ./Core/Startup/startup_stm32f446vetx.o
 .debug_abbrev  0x00001302      0x214 ./Drivers/STM32F4xx_HAL_Driver/stm32f4xx_hal.o
 .debug_abbrev  0x00001516      0x252 ./Drivers/STM32F4xx_HAL_Driver/stm32f4xx_hal_adc.o
 .debug_abbrev  0x00001768      0x31d ./Drivers/STM32F4xx_HAL_Driver/stm32f4xx_hal_cortex.o
 .debug_abbrev  0x00001a85      0x261 ./Drivers/STM32F4xx_HAL_Driver/stm32f4xx_hal_fmpi2c.o
 .debug_abbrev  0x00001ce6      0x19d ./Drivers/STM32F4xx_HAL_Driver/stm32f4xx_hal_fmpi2c_ex.o
 .debug_abbrev  0x00001e83      0x1d4 ./Drivers/STM32F4xx_HAL_Driver/stm32f4xx_hal_gpio.o
 .debug_abbrev  0x00002057      0x2b7 ./Drivers/STM32F4xx_HAL_Driver/stm32f4xx_hal_rcc.o
 .debug_abbrev  0x0000230e      0x20a ./Drivers/STM32F4xx_HAL_Driver/stm32f4xx_hal_rcc_ex.o
 .debug_abbrev  0x00002518      0x27a ./Drivers/STM32F4xx_HAL_Driver/stm32f4xx_hal_spi.o
 .debug_abbrev  0x00002792      0x278 ./Drivers/STM32F4xx_HAL_Driver/stm32f4xx_hal_tim.o
 .debug_abbrev  0x00002a0a      0x283 ./Drivers/STM32F4xx_HAL_Driver/stm32f4xx_hal_tim_ex.o
 .debug_abbrev  0x00002c8d      0x30e ./Drivers/STM32F4xx_HAL_Driver/stm32f4xx_hal_uart.o
 .debug_abbrev  0x00002f9b      0x548 ./Middlewares/FreeRTOS/cmsis_os2.o
 .debug_abbrev  0x000034e3      0x21d ./Middlewares/FreeRTOS/heap_4.o
 .debug_abbrev  0x00003700       0xf5 ./Middlewares/FreeRTOS/list.o
 .debug_abbrev  0x000037f5      0x25c ./Middlewares/FreeRTOS/port.o
 .debug_abbrev  0x00003a51      0x3b6 ./Middlewares/FreeRTOS/queue.o
 .debug_abbrev  0x00003e07      0x405 ./Middlewares/FreeRTOS/tasks.o
 .debug_abbrev  0x0000420c      0x368 ./Middlewares/FreeRTOS/timers.o

.debug_aranges  0x00000000     0x1b20
 .debug_aranges
                0x00000000       0x30 ./Core/Src/adc.o
 .debug_aranges
                0x00000030       0x30 ./Core/Src/fmpi2c.o
 .debug_aranges
                0x00000060       0x90 ./Core/Src/freertos.o
 .debug_aranges
                0x000000f0       0x20 ./Core/Src/gpio.o
 .debug_aranges
                0x00000110       0x38 ./Core/Src/main.o
 .debug_aranges
                0x00000148       0x30 ./Core/Src/spi.o
 .debug_aranges
                0x00000178       0x20 ./Core/Src/stm32f4xx_hal_msp.o
 .debug_aranges
                0x00000198       0x30 ./Core/Src/stm32f4xx_hal_timebase_tim.o
 .debug_aranges
                0x000001c8       0x50 ./Core/Src/stm32f4xx_it.o
 .debug_aranges
                0x00000218       0x28 ./Core/Src/system_stm32f4xx.o
 .debug_aranges
                0x00000240       0x40 ./Core/Src/usart.o
 .debug_aranges
                0x00000280       0x28 ./Core/Startup/startup_stm32f446vetx.o
 .debug_aranges
                0x000002a8       0xf0 ./Drivers/STM32F4xx_HAL_Driver/stm32f4xx_hal.o
 .debug_aranges
                0x00000398       0xe8 ./Drivers/STM32F4xx_HAL_Driver/stm32f4xx_hal_adc.o
 .debug_aranges
                0x00000480      0x130 ./Drivers/STM32F4xx_HAL_Driver/stm32f4xx_hal_cortex.o
 .debug_aranges
                0x000005b0      0x2a0 ./Drivers/STM32F4xx_HAL_Driver/stm32f4xx_hal_fmpi2c.o
 .debug_aranges
                0x00000850       0x38 ./Drivers/STM32F4xx_HAL_Driver/stm32f4xx_hal_fmpi2c_ex.o
 .debug_aranges
                0x00000888       0x58 ./Drivers/STM32F4xx_HAL_Driver/stm32f4xx_hal_gpio.o
 .debug_aranges
                0x000008e0       0x88 ./Drivers/STM32F4xx_HAL_Driver/stm32f4xx_hal_rcc.o
 .debug_aranges
                0x00000968       0x78 ./Drivers/STM32F4xx_HAL_Driver/stm32f4xx_hal_rcc_ex.o
 .debug_aranges
                0x000009e0      0x1d0 ./Drivers/STM32F4xx_HAL_Driver/stm32f4xx_hal_spi.o
 .debug_aranges
                0x00000bb0      0x3d0 ./Drivers/STM32F4xx_HAL_Driver/stm32f4xx_hal_tim.o
 .debug_aranges
                0x00000f80      0x168 ./Drivers/STM32F4xx_HAL_Driver/stm32f4xx_hal_tim_ex.o
 .debug_aranges
                0x000010e8      0x208 ./Drivers/STM32F4xx_HAL_Driver/stm32f4xx_hal_uart.o
 .debug_aranges
                0x000012f0      0x2b0 ./Middlewares/FreeRTOS/cmsis_os2.o
 .debug_aranges
                0x000015a0       0x58 ./Middlewares/FreeRTOS/heap_4.o
 .debug_aranges
                0x000015f8       0x40 ./Middlewares/FreeRTOS/list.o
 .debug_aranges
                0x00001638       0x80 ./Middlewares/FreeRTOS/port.o
 .debug_aranges
                0x000016b8      0x158 ./Middlewares/FreeRTOS/queue.o
 .debug_aranges
                0x00001810      0x220 ./Middlewares/FreeRTOS/tasks.o
 .debug_aranges
                0x00001a30       0xf0 ./Middlewares/FreeRTOS/timers.o

.debug_rnglists
                0x00000000     0x151e
 .debug_rnglists
                0x00000000       0x21 ./Core/Src/adc.o
 .debug_rnglists
                0x00000021       0x20 ./Core/Src/fmpi2c.o
 .debug_rnglists
                0x00000041       0x68 ./Core/Src/freertos.o
 .debug_rnglists
                0x000000a9       0x14 ./Core/Src/gpio.o
 .debug_rnglists
                0x000000bd       0x26 ./Core/Src/main.o
 .debug_rnglists
                0x000000e3       0x20 ./Core/Src/spi.o
 .debug_rnglists
                0x00000103       0x13 ./Core/Src/stm32f4xx_hal_msp.o
 .debug_rnglists
                0x00000116       0x20 ./Core/Src/stm32f4xx_hal_timebase_tim.o
 .debug_rnglists
                0x00000136       0x37 ./Core/Src/stm32f4xx_it.o
 .debug_rnglists
                0x0000016d       0x1a ./Core/Src/system_stm32f4xx.o
 .debug_rnglists
                0x00000187       0x2d ./Core/Src/usart.o
 .debug_rnglists
                0x000001b4       0x19 ./Core/Startup/startup_stm32f446vetx.o
 .debug_rnglists
                0x000001cd       0xaf ./Drivers/STM32F4xx_HAL_Driver/stm32f4xx_hal.o
 .debug_rnglists
                0x0000027c       0xb5 ./Drivers/STM32F4xx_HAL_Driver/stm32f4xx_hal_adc.o
 .debug_rnglists
                0x00000331       0xe0 ./Drivers/STM32F4xx_HAL_Driver/stm32f4xx_hal_cortex.o
 .debug_rnglists
                0x00000411      0x228 ./Drivers/STM32F4xx_HAL_Driver/stm32f4xx_hal_fmpi2c.o
 .debug_rnglists
                0x00000639       0x27 ./Drivers/STM32F4xx_HAL_Driver/stm32f4xx_hal_fmpi2c_ex.o
 .debug_rnglists
                0x00000660       0x3f ./Drivers/STM32F4xx_HAL_Driver/stm32f4xx_hal_gpio.o
 .debug_rnglists
                0x0000069f       0x66 ./Drivers/STM32F4xx_HAL_Driver/stm32f4xx_hal_rcc.o
 .debug_rnglists
                0x00000705       0x5e ./Drivers/STM32F4xx_HAL_Driver/stm32f4xx_hal_rcc_ex.o
 .debug_rnglists
                0x00000763      0x16f ./Drivers/STM32F4xx_HAL_Driver/stm32f4xx_hal_spi.o
 .debug_rnglists
                0x000008d2      0x31a ./Drivers/STM32F4xx_HAL_Driver/stm32f4xx_hal_tim.o
 .debug_rnglists
                0x00000bec      0x125 ./Drivers/STM32F4xx_HAL_Driver/stm32f4xx_hal_tim_ex.o
 .debug_rnglists
                0x00000d11      0x1bc ./Drivers/STM32F4xx_HAL_Driver/stm32f4xx_hal_uart.o
 .debug_rnglists
                0x00000ecd      0x212 ./Middlewares/FreeRTOS/cmsis_os2.o
 .debug_rnglists
                0x000010df       0x42 ./Middlewares/FreeRTOS/heap_4.o
 .debug_rnglists
                0x00001121       0x2b ./Middlewares/FreeRTOS/list.o
 .debug_rnglists
                0x0000114c       0x5d ./Middlewares/FreeRTOS/port.o
 .debug_rnglists
                0x000011a9      0x109 ./Middlewares/FreeRTOS/queue.o
 .debug_rnglists
                0x000012b2      0x1b4 ./Middlewares/FreeRTOS/tasks.o
 .debug_rnglists
                0x00001466       0xb8 ./Middlewares/FreeRTOS/timers.o

.debug_macro    0x00000000    0x26ba0
 .debug_macro   0x00000000      0x233 ./Core/Src/adc.o
 .debug_macro   0x00000233      0xab4 ./Core/Src/adc.o
 .debug_macro   0x00000ce7      0x2ad ./Core/Src/adc.o
 .debug_macro   0x00000f94       0x2e ./Core/Src/adc.o
 .debug_macro   0x00000fc2       0x28 ./Core/Src/adc.o
 .debug_macro   0x00000fea       0x22 ./Core/Src/adc.o
 .debug_macro   0x0000100c       0x8e ./Core/Src/adc.o
 .debug_macro   0x0000109a       0x51 ./Core/Src/adc.o
 .debug_macro   0x000010eb      0x103 ./Core/Src/adc.o
 .debug_macro   0x000011ee       0x6a ./Core/Src/adc.o
 .debug_macro   0x00001258      0x1df ./Core/Src/adc.o
 .debug_macro   0x00001437       0x1c ./Core/Src/adc.o
 .debug_macro   0x00001453       0x22 ./Core/Src/adc.o
 .debug_macro   0x00001475       0xfb ./Core/Src/adc.o
 .debug_macro   0x00001570     0x1011 ./Core/Src/adc.o
 .debug_macro   0x00002581      0x11f ./Core/Src/adc.o
 .debug_macro   0x000026a0    0x16749 ./Core/Src/adc.o
 .debug_macro   0x00018de9       0x6d ./Core/Src/adc.o
 .debug_macro   0x00018e56     0x369a ./Core/Src/adc.o
 .debug_macro   0x0001c4f0      0x189 ./Core/Src/adc.o
 .debug_macro   0x0001c679       0x5c ./Core/Src/adc.o
 .debug_macro   0x0001c6d5      0xca5 ./Core/Src/adc.o
 .debug_macro   0x0001d37a      0x9e9 ./Core/Src/adc.o
 .debug_macro   0x0001dd63      0x115 ./Core/Src/adc.o
 .debug_macro   0x0001de78      0x1a0 ./Core/Src/adc.o
 .debug_macro   0x0001e018       0xa5 ./Core/Src/adc.o
 .debug_macro   0x0001e0bd      0x16d ./Core/Src/adc.o
 .debug_macro   0x0001e22a      0x287 ./Core/Src/adc.o
 .debug_macro   0x0001e4b1       0x5f ./Core/Src/adc.o
 .debug_macro   0x0001e510      0x236 ./Core/Src/adc.o
 .debug_macro   0x0001e746      0xb5b ./Core/Src/adc.o
 .debug_macro   0x0001f2a1      0x38b ./Core/Src/adc.o
 .debug_macro   0x0001f62c      0x17d ./Core/Src/adc.o
 .debug_macro   0x0001f7a9       0xf9 ./Core/Src/adc.o
 .debug_macro   0x0001f8a2      0x132 ./Core/Src/adc.o
 .debug_macro   0x0001f9d4      0x29c ./Core/Src/adc.o
 .debug_macro   0x0001fc70       0x2e ./Core/Src/adc.o
 .debug_macro   0x0001fc9e      0x127 ./Core/Src/adc.o
 .debug_macro   0x0001fdc5       0xe8 ./Core/Src/adc.o
 .debug_macro   0x0001fead       0x89 ./Core/Src/adc.o
 .debug_macro   0x0001ff36      0x225 ./Core/Src/adc.o
 .debug_macro   0x0002015b      0x8ed ./Core/Src/adc.o
 .debug_macro   0x00020a48       0x53 ./Core/Src/adc.o
 .debug_macro   0x00020a9b      0x2aa ./Core/Src/adc.o
 .debug_macro   0x00020d45      0x22c ./Core/Src/adc.o
 .debug_macro   0x00020f71       0x34 ./Core/Src/adc.o
 .debug_macro   0x00020fa5       0xa5 ./Core/Src/adc.o
 .debug_macro   0x0002104a      0x126 ./Core/Src/adc.o
 .debug_macro   0x00021170      0x233 ./Core/Src/fmpi2c.o
 .debug_macro   0x000213a3      0x350 ./Core/Src/freertos.o
 .debug_macro   0x000216f3      0x18a ./Core/Src/freertos.o
 .debug_macro   0x0002187d      0x15a ./Core/Src/freertos.o
 .debug_macro   0x000219d7       0xc9 ./Core/Src/freertos.o
 .debug_macro   0x00021aa0       0x1c ./Core/Src/freertos.o
 .debug_macro   0x00021abc       0x26 ./Core/Src/freertos.o
 .debug_macro   0x00021ae2       0x61 ./Core/Src/freertos.o
 .debug_macro   0x00021b43       0x2a ./Core/Src/freertos.o
 .debug_macro   0x00021b6d       0x43 ./Core/Src/freertos.o
 .debug_macro   0x00021bb0       0x34 ./Core/Src/freertos.o
 .debug_macro   0x00021be4       0x16 ./Core/Src/freertos.o
 .debug_macro   0x00021bfa       0x43 ./Core/Src/freertos.o
 .debug_macro   0x00021c3d       0x34 ./Core/Src/freertos.o
 .debug_macro   0x00021c71       0x10 ./Core/Src/freertos.o
 .debug_macro   0x00021c81       0x58 ./Core/Src/freertos.o
 .debug_macro   0x00021cd9       0x8e ./Core/Src/freertos.o
 .debug_macro   0x00021d67       0x1c ./Core/Src/freertos.o
 .debug_macro   0x00021d83      0x177 ./Core/Src/freertos.o
 .debug_macro   0x00021efa       0x10 ./Core/Src/freertos.o
 .debug_macro   0x00021f0a       0x35 ./Core/Src/freertos.o
 .debug_macro   0x00021f3f      0x4aa ./Core/Src/freertos.o
 .debug_macro   0x000223e9       0xb5 ./Core/Src/freertos.o
 .debug_macro   0x0002249e       0xaa ./Core/Src/freertos.o
 .debug_macro   0x00022548       0x6c ./Core/Src/freertos.o
 .debug_macro   0x000225b4       0x74 ./Core/Src/freertos.o
 .debug_macro   0x00022628       0xdd ./Core/Src/freertos.o
 .debug_macro   0x00022705      0x233 ./Core/Src/gpio.o
 .debug_macro   0x00022938      0x38c ./Core/Src/main.o
 .debug_macro   0x00022cc4      0x18a ./Core/Src/main.o
 .debug_macro   0x00022e4e       0x66 ./Core/Src/main.o
 .debug_macro   0x00022eb4      0x233 ./Core/Src/spi.o
 .debug_macro   0x000230e7      0x229 ./Core/Src/stm32f4xx_hal_msp.o
 .debug_macro   0x00023310      0x219 ./Core/Src/stm32f4xx_hal_timebase_tim.o
 .debug_macro   0x00023529      0x233 ./Core/Src/stm32f4xx_it.o
 .debug_macro   0x0002375c      0x219 ./Core/Src/system_stm32f4xx.o
 .debug_macro   0x00023975      0x233 ./Core/Src/usart.o
 .debug_macro   0x00023ba8      0x279 ./Drivers/STM32F4xx_HAL_Driver/stm32f4xx_hal.o
 .debug_macro   0x00023e21      0x21a ./Drivers/STM32F4xx_HAL_Driver/stm32f4xx_hal_adc.o
 .debug_macro   0x0002403b      0x219 ./Drivers/STM32F4xx_HAL_Driver/stm32f4xx_hal_cortex.o
 .debug_macro   0x00024254      0x2e5 ./Drivers/STM32F4xx_HAL_Driver/stm32f4xx_hal_fmpi2c.o
 .debug_macro   0x00024539      0x219 ./Drivers/STM32F4xx_HAL_Driver/stm32f4xx_hal_fmpi2c_ex.o
 .debug_macro   0x00024752      0x21f ./Drivers/STM32F4xx_HAL_Driver/stm32f4xx_hal_gpio.o
 .debug_macro   0x00024971      0x23d ./Drivers/STM32F4xx_HAL_Driver/stm32f4xx_hal_rcc.o
 .debug_macro   0x00024bae      0x219 ./Drivers/STM32F4xx_HAL_Driver/stm32f4xx_hal_rcc_ex.o
 .debug_macro   0x00024dc7      0x228 ./Drivers/STM32F4xx_HAL_Driver/stm32f4xx_hal_spi.o
 .debug_macro   0x00024fef      0x21a ./Drivers/STM32F4xx_HAL_Driver/stm32f4xx_hal_tim.o
 .debug_macro   0x00025209      0x219 ./Drivers/STM32F4xx_HAL_Driver/stm32f4xx_hal_tim_ex.o
 .debug_macro   0x00025422      0x21a ./Drivers/STM32F4xx_HAL_Driver/stm32f4xx_hal_uart.o
 .debug_macro   0x0002563c      0x422 ./Middlewares/FreeRTOS/cmsis_os2.o
 .debug_macro   0x00025a5e       0x10 ./Middlewares/FreeRTOS/cmsis_os2.o
 .debug_macro   0x00025a6e       0x20 ./Middlewares/FreeRTOS/cmsis_os2.o
 .debug_macro   0x00025a8e       0x10 ./Middlewares/FreeRTOS/cmsis_os2.o
 .debug_macro   0x00025a9e       0xf5 ./Middlewares/FreeRTOS/cmsis_os2.o
 .debug_macro   0x00025b93       0x16 ./Middlewares/FreeRTOS/cmsis_os2.o
 .debug_macro   0x00025ba9       0x91 ./Middlewares/FreeRTOS/cmsis_os2.o
 .debug_macro   0x00025c3a       0x8d ./Middlewares/FreeRTOS/cmsis_os2.o
 .debug_macro   0x00025cc7       0x9a ./Middlewares/FreeRTOS/cmsis_os2.o
 .debug_macro   0x00025d61       0x22 ./Middlewares/FreeRTOS/cmsis_os2.o
 .debug_macro   0x00025d83       0x56 ./Middlewares/FreeRTOS/cmsis_os2.o
 .debug_macro   0x00025dd9      0x1c0 ./Middlewares/FreeRTOS/heap_4.o
 .debug_macro   0x00025f99      0x199 ./Middlewares/FreeRTOS/list.o
 .debug_macro   0x00026132      0x233 ./Middlewares/FreeRTOS/port.o
 .debug_macro   0x00026365      0x228 ./Middlewares/FreeRTOS/queue.o
 .debug_macro   0x0002658d       0x16 ./Middlewares/FreeRTOS/queue.o
 .debug_macro   0x000265a3       0x87 ./Middlewares/FreeRTOS/queue.o
 .debug_macro   0x0002662a      0x2c5 ./Middlewares/FreeRTOS/tasks.o
 .debug_macro   0x000268ef       0x10 ./Middlewares/FreeRTOS/tasks.o
 .debug_macro   0x000268ff       0x1c ./Middlewares/FreeRTOS/tasks.o
 .debug_macro   0x0002691b      0x1ee ./Middlewares/FreeRTOS/timers.o
 .debug_macro   0x00026b09       0x97 ./Middlewares/FreeRTOS/timers.o

.debug_line     0x00000000    0x24018
 .debug_line    0x00000000      0x93f ./Core/Src/adc.o
 .debug_line    0x0000093f      0x94c ./Core/Src/fmpi2c.o
 .debug_line    0x0000128b      0xda5 ./Core/Src/freertos.o
 .debug_line    0x00002030      0x959 ./Core/Src/gpio.o
 .debug_line    0x00002989      0xcb8 ./Core/Src/main.o
 .debug_line    0x00003641      0x931 ./Core/Src/spi.o
 .debug_line    0x00003f72      0x8c0 ./Core/Src/stm32f4xx_hal_msp.o
 .debug_line    0x00004832      0x92d ./Core/Src/stm32f4xx_hal_timebase_tim.o
 .debug_line    0x0000515f      0x95c ./Core/Src/stm32f4xx_it.o
 .debug_line    0x00005abb      0x944 ./Core/Src/system_stm32f4xx.o
 .debug_line    0x000063ff      0xa0f ./Core/Src/usart.o
 .debug_line    0x00006e0e       0x7a ./Core/Startup/startup_stm32f446vetx.o
 .debug_line    0x00006e88      0xbe6 ./Drivers/STM32F4xx_HAL_Driver/stm32f4xx_hal.o
 .debug_line    0x00007a6e     0x147a ./Drivers/STM32F4xx_HAL_Driver/stm32f4xx_hal_adc.o
 .debug_line    0x00008ee8      0xed8 ./Drivers/STM32F4xx_HAL_Driver/stm32f4xx_hal_cortex.o
 .debug_line    0x00009dc0     0x3c34 ./Drivers/STM32F4xx_HAL_Driver/stm32f4xx_hal_fmpi2c.o
 .debug_line    0x0000d9f4      0xa35 ./Drivers/STM32F4xx_HAL_Driver/stm32f4xx_hal_fmpi2c_ex.o
 .debug_line    0x0000e429      0xd5e ./Drivers/STM32F4xx_HAL_Driver/stm32f4xx_hal_gpio.o
 .debug_line    0x0000f187      0xf7b ./Drivers/STM32F4xx_HAL_Driver/stm32f4xx_hal_rcc.o
 .debug_line    0x00010102     0x15ea ./Drivers/STM32F4xx_HAL_Driver/stm32f4xx_hal_rcc_ex.o
 .debug_line    0x000116ec     0x1f04 ./Drivers/STM32F4xx_HAL_Driver/stm32f4xx_hal_spi.o
 .debug_line    0x000135f0     0x398a ./Drivers/STM32F4xx_HAL_Driver/stm32f4xx_hal_tim.o
 .debug_line    0x00016f7a     0x1bdc ./Drivers/STM32F4xx_HAL_Driver/stm32f4xx_hal_tim_ex.o
 .debug_line    0x00018b56     0x2ab8 ./Drivers/STM32F4xx_HAL_Driver/stm32f4xx_hal_uart.o
 .debug_line    0x0001b60e     0x25c1 ./Middlewares/FreeRTOS/cmsis_os2.o
 .debug_line    0x0001dbcf      0xa6d ./Middlewares/FreeRTOS/heap_4.o
 .debug_line    0x0001e63c      0x842 ./Middlewares/FreeRTOS/list.o
 .debug_line    0x0001ee7e      0x9d2 ./Middlewares/FreeRTOS/port.o
 .debug_line    0x0001f850     0x180c ./Middlewares/FreeRTOS/queue.o
 .debug_line    0x0002105c     0x20f2 ./Middlewares/FreeRTOS/tasks.o
 .debug_line    0x0002314e      0xeca ./Middlewares/FreeRTOS/timers.o

.debug_str      0x00000000    0xed391
 .debug_str     0x00000000    0xd918d ./Core/Src/adc.o
                              0xd949f (size before relaxing)
 .debug_str     0x000d918d      0x4ad ./Core/Src/fmpi2c.o
                              0xd97a1 (size before relaxing)
 .debug_str     0x000d963a     0x6e42 ./Core/Src/freertos.o
                              0xdfd14 (size before relaxing)
 .debug_str     0x000e047c       0x68 ./Core/Src/gpio.o
                              0xd902d (size before relaxing)
 .debug_str     0x000e04e4      0x4b0 ./Core/Src/main.o
                              0xdfcde (size before relaxing)
 .debug_str     0x000e0994      0x1f9 ./Core/Src/spi.o
                              0xd94b9 (size before relaxing)
 .debug_str     0x000e0b8d      0x54d ./Core/Src/stm32f4xx_hal_msp.o
                              0xd94b0 (size before relaxing)
 .debug_str     0x000e10da      0x10a ./Core/Src/stm32f4xx_hal_timebase_tim.o
                              0xd9b2e (size before relaxing)
 .debug_str     0x000e11e4       0xbe ./Core/Src/stm32f4xx_it.o
                              0xd93f3 (size before relaxing)
 .debug_str     0x000e12a2       0xdb ./Core/Src/system_stm32f4xx.o
                              0xd9006 (size before relaxing)
 .debug_str     0x000e137d      0x1f2 ./Core/Src/usart.o
                              0xd951a (size before relaxing)
 .debug_str     0x000e156f       0x44 ./Core/Startup/startup_stm32f446vetx.o
                                 0x8c (size before relaxing)
 .debug_str     0x000e15b3      0x602 ./Drivers/STM32F4xx_HAL_Driver/stm32f4xx_hal.o
                              0xd9c04 (size before relaxing)
 .debug_str     0x000e1bb5      0x2ff ./Drivers/STM32F4xx_HAL_Driver/stm32f4xx_hal_adc.o
                              0xd9607 (size before relaxing)
 .debug_str     0x000e1eb4      0x3af ./Drivers/STM32F4xx_HAL_Driver/stm32f4xx_hal_cortex.o
                              0xd995b (size before relaxing)
 .debug_str     0x000e2263      0xf9b ./Drivers/STM32F4xx_HAL_Driver/stm32f4xx_hal_fmpi2c.o